Archive member included to satisfy reference by file (symbol)

C:/ST/STM32CubeIDE_1.19.0/STM32CubeIDE/plugins/com.st.stm32cube.ide.mcu.externaltools.gnu-tools-for-stm32.13.3.rel1.win32_1.0.0.202411081344/tools/bin/../lib/gcc/arm-none-eabi/13.3.1/../../../../arm-none-eabi/lib/thumb/v8-m.main+fp/hard\libc_nano.a(libc_a-atoi.o)
                              ./Core/Src/uart_cmd.o (atoi)
C:/ST/STM32CubeIDE_1.19.0/STM32CubeIDE/plugins/com.st.stm32cube.ide.mcu.externaltools.gnu-tools-for-stm32.13.3.rel1.win32_1.0.0.202411081344/tools/bin/../lib/gcc/arm-none-eabi/13.3.1/../../../../arm-none-eabi/lib/thumb/v8-m.main+fp/hard\libc_nano.a(libc_a-exit.o)
                              C:/ST/STM32CubeIDE_1.19.0/STM32CubeIDE/plugins/com.st.stm32cube.ide.mcu.externaltools.gnu-tools-for-stm32.13.3.rel1.win32_1.0.0.202411081344/tools/bin/../lib/gcc/arm-none-eabi/13.3.1/../../../../arm-none-eabi/lib/thumb/v8-m.main+fp/hard/crt0.o (exit)
C:/ST/STM32CubeIDE_1.19.0/STM32CubeIDE/plugins/com.st.stm32cube.ide.mcu.externaltools.gnu-tools-for-stm32.13.3.rel1.win32_1.0.0.202411081344/tools/bin/../lib/gcc/arm-none-eabi/13.3.1/../../../../arm-none-eabi/lib/thumb/v8-m.main+fp/hard\libc_nano.a(libc_a-strtol.o)
                              C:/ST/STM32CubeIDE_1.19.0/STM32CubeIDE/plugins/com.st.stm32cube.ide.mcu.externaltools.gnu-tools-for-stm32.13.3.rel1.win32_1.0.0.202411081344/tools/bin/../lib/gcc/arm-none-eabi/13.3.1/../../../../arm-none-eabi/lib/thumb/v8-m.main+fp/hard\libc_nano.a(libc_a-atoi.o) (_strtol_r)
C:/ST/STM32CubeIDE_1.19.0/STM32CubeIDE/plugins/com.st.stm32cube.ide.mcu.externaltools.gnu-tools-for-stm32.13.3.rel1.win32_1.0.0.202411081344/tools/bin/../lib/gcc/arm-none-eabi/13.3.1/../../../../arm-none-eabi/lib/thumb/v8-m.main+fp/hard\libc_nano.a(libc_a-ctype_.o)
                              ./Core/Src/uart_cmd.o (_ctype_)
C:/ST/STM32CubeIDE_1.19.0/STM32CubeIDE/plugins/com.st.stm32cube.ide.mcu.externaltools.gnu-tools-for-stm32.13.3.rel1.win32_1.0.0.202411081344/tools/bin/../lib/gcc/arm-none-eabi/13.3.1/../../../../arm-none-eabi/lib/thumb/v8-m.main+fp/hard\libc_nano.a(libc_a-findfp.o)
                              C:/ST/STM32CubeIDE_1.19.0/STM32CubeIDE/plugins/com.st.stm32cube.ide.mcu.externaltools.gnu-tools-for-stm32.13.3.rel1.win32_1.0.0.202411081344/tools/bin/../lib/gcc/arm-none-eabi/13.3.1/../../../../arm-none-eabi/lib/thumb/v8-m.main+fp/hard\libc_nano.a(libc_a-exit.o) (__stdio_exit_handler)
C:/ST/STM32CubeIDE_1.19.0/STM32CubeIDE/plugins/com.st.stm32cube.ide.mcu.externaltools.gnu-tools-for-stm32.13.3.rel1.win32_1.0.0.202411081344/tools/bin/../lib/gcc/arm-none-eabi/13.3.1/../../../../arm-none-eabi/lib/thumb/v8-m.main+fp/hard\libc_nano.a(libc_a-fwalk.o)
                              C:/ST/STM32CubeIDE_1.19.0/STM32CubeIDE/plugins/com.st.stm32cube.ide.mcu.externaltools.gnu-tools-for-stm32.13.3.rel1.win32_1.0.0.202411081344/tools/bin/../lib/gcc/arm-none-eabi/13.3.1/../../../../arm-none-eabi/lib/thumb/v8-m.main+fp/hard\libc_nano.a(libc_a-findfp.o) (_fwalk_sglue)
C:/ST/STM32CubeIDE_1.19.0/STM32CubeIDE/plugins/com.st.stm32cube.ide.mcu.externaltools.gnu-tools-for-stm32.13.3.rel1.win32_1.0.0.202411081344/tools/bin/../lib/gcc/arm-none-eabi/13.3.1/../../../../arm-none-eabi/lib/thumb/v8-m.main+fp/hard\libc_nano.a(libc_a-snprintf.o)
                              ./Core/Src/ads7041.o (snprintf)
C:/ST/STM32CubeIDE_1.19.0/STM32CubeIDE/plugins/com.st.stm32cube.ide.mcu.externaltools.gnu-tools-for-stm32.13.3.rel1.win32_1.0.0.202411081344/tools/bin/../lib/gcc/arm-none-eabi/13.3.1/../../../../arm-none-eabi/lib/thumb/v8-m.main+fp/hard\libc_nano.a(libc_a-sprintf.o)
                              ./Middlewares/Third_Party/FreeRTOS/Source/tasks.o (sprintf)
C:/ST/STM32CubeIDE_1.19.0/STM32CubeIDE/plugins/com.st.stm32cube.ide.mcu.externaltools.gnu-tools-for-stm32.13.3.rel1.win32_1.0.0.202411081344/tools/bin/../lib/gcc/arm-none-eabi/13.3.1/../../../../arm-none-eabi/lib/thumb/v8-m.main+fp/hard\libc_nano.a(libc_a-stdio.o)
                              C:/ST/STM32CubeIDE_1.19.0/STM32CubeIDE/plugins/com.st.stm32cube.ide.mcu.externaltools.gnu-tools-for-stm32.13.3.rel1.win32_1.0.0.202411081344/tools/bin/../lib/gcc/arm-none-eabi/13.3.1/../../../../arm-none-eabi/lib/thumb/v8-m.main+fp/hard\libc_nano.a(libc_a-findfp.o) (__sread)
C:/ST/STM32CubeIDE_1.19.0/STM32CubeIDE/plugins/com.st.stm32cube.ide.mcu.externaltools.gnu-tools-for-stm32.13.3.rel1.win32_1.0.0.202411081344/tools/bin/../lib/gcc/arm-none-eabi/13.3.1/../../../../arm-none-eabi/lib/thumb/v8-m.main+fp/hard\libc_nano.a(libc_a-memset.o)
                              C:/ST/STM32CubeIDE_1.19.0/STM32CubeIDE/plugins/com.st.stm32cube.ide.mcu.externaltools.gnu-tools-for-stm32.13.3.rel1.win32_1.0.0.202411081344/tools/bin/../lib/gcc/arm-none-eabi/13.3.1/../../../../arm-none-eabi/lib/thumb/v8-m.main+fp/hard/crt0.o (memset)
[...]
Memory Configuration

Name             Origin             Length             Attributes
RAM              0x20000000         0x000a0000         xrw
FLASH            0x08000000         0x00100000         xr
*default*        0x00000000         0xffffffff

Linker script and memory map

LOAD C:/ST/STM32CubeIDE_1.19.0/STM32CubeIDE/plugins/com.st.stm32cube.ide.mcu.externaltools.gnu-tools-for-stm32.13.3.rel1.win32_1.0.0.202411081344/tools/bin/../lib/gcc/arm-none-eabi/13.3.1/thumb/v8-m.main+fp/hard/crti.o
LOAD C:/ST/STM32CubeIDE_1.19.0/STM32CubeIDE/plugins/com.st.stm32cube.ide.mcu.externaltools.gnu-tools-for-stm32.13.3.rel1.win32_1.0.0.202411081344/tools/bin/../lib/gcc/arm-none-eabi/13.3.1/thumb/v8-m.main+fp/hard/crtbegin.o
LOAD C:/ST/STM32CubeIDE_1.19.0/STM32CubeIDE/plugins/com.st.stm32cube.ide.mcu.externaltools.gnu-tools-for-stm32.13.3.rel1.win32_1.0.0.202411081344/tools/bin/../lib/gcc/arm-none-eabi/13.3.1/../../../../arm-none-eabi/lib/thumb/v8-m.main+fp/hard/crt0.o
LOAD ./Core/Src/adc.o
LOAD ./Core/Src/ads7041.o
LOAD ./Core/Src/ads8325.o
LOAD ./Core/Src/adxl345.o
LOAD ./Core/Src/app_freertos.o
LOAD ./Core/Src/dac.o
LOAD ./Core/Src/gpio.o
LOAD ./Core/Src/i2c.o
LOAD ./Core/Src/main.o
LOAD ./Core/Src/my_tasks.o
LOAD ./Core/Src/spi.o
LOAD ./Core/Src/stm32h5xx_hal_msp.o
LOAD ./Core/Src/stm32h5xx_it.o
LOAD ./Core/Src/switch.o
LOAD ./Core/Src/syscalls.o
LOAD ./Core/Src/sysmem.o
LOAD ./Core/Src/system_stm32h5xx.o
LOAD ./Core/Src/tim.o
LOAD ./Core/Src/tle9201.o
LOAD ./Core/Src/uart_cmd.o
LOAD ./Core/Src/usart.o
LOAD ./Core/Src/vca_control.o
LOAD ./Core/Src/vca_stub.o
LOAD ./Core/Startup/startup_stm32h562rgtx.o
LOAD ./Drivers/STM32H5xx_HAL_Driver/Src/stm32h5xx_hal.o
LOAD ./Drivers/STM32H5xx_HAL_Driver/Src/stm32h5xx_hal_adc.o
LOAD ./Drivers/STM32H5xx_HAL_Driver/Src/stm32h5xx_hal_adc_ex.o
LOAD ./Drivers/STM32H5xx_HAL_Driver/Src/stm32h5xx_hal_cortex.o
LOAD ./Drivers/STM32H5xx_HAL_Driver/Src/stm32h5xx_hal_dac.o
LOAD ./Drivers/STM32H5xx_HAL_Driver/Src/stm32h5xx_hal_dac_ex.o
LOAD ./Drivers/STM32H5xx_HAL_Driver/Src/stm32h5xx_hal_dma.o
LOAD ./Drivers/STM32H5xx_HAL_Driver/Src/stm32h5xx_hal_dma_ex.o
LOAD ./Drivers/STM32H5xx_HAL_Driver/Src/stm32h5xx_hal_exti.o
LOAD ./Drivers/STM32H5xx_HAL_Driver/Src/stm32h5xx_hal_flash.o
LOAD ./Drivers/STM32H5xx_HAL_Driver/Src/stm32h5xx_hal_flash_ex.o
LOAD ./Drivers/STM32H5xx_HAL_Driver/Src/stm32h5xx_hal_gpio.o
LOAD ./Drivers/STM32H5xx_HAL_Driver/Src/stm32h5xx_hal_i2c.o
LOAD ./Drivers/STM32H5xx_HAL_Driver/Src/stm32h5xx_hal_i2c_ex.o
LOAD ./Drivers/STM32H5xx_HAL_Driver/Src/stm32h5xx_hal_pwr.o
LOAD ./Drivers/STM32H5xx_HAL_Driver/Src/stm32h5xx_hal_pwr_ex.o
LOAD ./Drivers/STM32H5xx_HAL_Driver/Src/stm32h5xx_hal_rcc.o
LOAD ./Drivers/STM32H5xx_HAL_Driver/Src/stm32h5xx_hal_rcc_ex.o
LOAD ./Drivers/STM32H5xx_HAL_Driver/Src/stm32h5xx_hal_spi.o
LOAD ./Drivers/STM32H5xx_HAL_Driver/Src/stm32h5xx_hal_spi_ex.o
LOAD ./Drivers/STM32H5xx_HAL_Driver/Src/stm32h5xx_hal_tim.o
LOAD ./Drivers/STM32H5xx_HAL_Driver/Src/stm32h5xx_hal_tim_ex.o
LOAD ./Drivers/STM32H5xx_HAL_Driver/Src/stm32h5xx_hal_uart.o
LOAD ./Drivers/STM32H5xx_HAL_Driver/Src/stm32h5xx_hal_uart_ex.o
LOAD ./Middlewares/Third_Party/FreeRTOS/Source/CMSIS_RTOS_V2/cmsis_os2.o
LOAD ./Middlewares/Third_Party/FreeRTOS/Source/croutine.o
LOAD ./Middlewares/Third_Party/FreeRTOS/Source/event_groups.o
LOAD ./Middlewares/Third_Party/FreeRTOS/Source/list.o
LOAD ./Middlewares/Third_Party/FreeRTOS/Source/queue.o
LOAD ./Middlewares/Third_Party/FreeRTOS/Source/stream_buffer.o
LOAD ./Middlewares/Third_Party/FreeRTOS/Source/tasks.o
LOAD ./Middlewares/Third_Party/FreeRTOS/Source/timers.o
LOAD ./Middlewares/Third_Party/FreeRTOS/Source/portable/GCC/ARM_CM33_NTZ/non_secure/port.o
LOAD ./Middlewares/Third_Party/FreeRTOS/Source/portable/GCC/ARM_CM33_NTZ/non_secure/portasm.o
LOAD ./Middlewares/Third_Party/FreeRTOS/Source/portable/MemMang/heap_4.o
START GROUP
LOAD C:/ST/STM32CubeIDE_1.19.0/STM32CubeIDE/plugins/com.st.stm32cube.ide.mcu.externaltools.gnu-tools-for-stm32.13.3.rel1.win32_1.0.0.202411081344/tools/bin/../lib/gcc/arm-none-eabi/13.3.1/../../../../arm-none-eabi/lib/thumb/v8-m.main+fp/hard\libc_nano.a
LOAD C:/ST/STM32CubeIDE_1.19.0/STM32CubeIDE/plugins/com.st.stm32cube.ide.mcu.externaltools.gnu-tools-for-stm32.13.3.rel1.win32_1.0.0.202411081344/tools/bin/../lib/gcc/arm-none-eabi/13.3.1/../../../../arm-none-eabi/lib/thumb/v8-m.main+fp/hard\libm.a
END GROUP
START GROUP
LOAD C:/ST/STM32CubeIDE_1.19.0/STM32CubeIDE/plugins/com.st.stm32cube.ide.mcu.externaltools.gnu-tools-for-stm32.13.3.rel1.win32_1.0.0.202411081344/tools/bin/../lib/gcc/arm-none-eabi/13.3.1/thumb/v8-m.main+fp/hard\libgcc.a
LOAD C:/ST/STM32CubeIDE_1.19.0/STM32CubeIDE/plugins/com.st.stm32cube.ide.mcu.externaltools.gnu-tools-for-stm32.13.3.rel1.win32_1.0.0.202411081344/tools/bin/../lib/gcc/arm-none-eabi/13.3.1/../../../../arm-none-eabi/lib/thumb/v8-m.main+fp/hard\libc_nano.a
END GROUP
START GROUP
LOAD C:/ST/STM32CubeIDE_1.19.0/STM32CubeIDE/plugins/com.st.stm32cube.ide.mcu.externaltools.gnu-tools-for-stm32.13.3.rel1.win32_1.0.0.202411081344/tools/bin/../lib/gcc/arm-none-eabi/13.3.1/thumb/v8-m.main+fp/hard\libgcc.a
LOAD C:/ST/STM32CubeIDE_1.19.0/STM32CubeIDE/plugins/com.st.stm32cube.ide.mcu.externaltools.gnu-tools-for-stm32.13.3.rel1.win32_1.0.0.202411081344/tools/bin/../lib/gcc/arm-none-eabi/13.3.1/../../../../arm-none-eabi/lib/thumb/v8-m.main+fp/hard\libc_nano.a
LOAD C:/ST/STM32CubeIDE_1.19.0/STM32CubeIDE/plugins/com.st.stm32cube.ide.mcu.externaltools.gnu-tools-for-stm32.13.3.rel1.win32_1.0.0.202411081344/tools/bin/../lib/gcc/arm-none-eabi/13.3.1/../../../../arm-none-eabi/lib/thumb/v8-m.main+fp/hard\libnosys.a
END GROUP
START GROUP
LOAD C:/ST/STM32CubeIDE_1.19.0/STM32CubeIDE/plugins/com.st.stm32cube.ide.mcu.externaltools.gnu-tools-for-stm32.13.3.rel1.win32_1.0.0.202411081344/tools/bin/../lib/gcc/arm-none-eabi/13.3.1/thumb/v8-m.main+fp/hard\libgcc.a
LOAD C:/ST/STM32CubeIDE_1.19.0/STM32CubeIDE/plugins/com.st.stm32cube.ide.mcu.externaltools.gnu-tools-for-stm32.13.3.rel1.win32_1.0.0.202411081344/tools/bin/../lib/gcc/arm-none-eabi/13.3.1/../../../../arm-none-eabi/lib/thumb/v8-m.main+fp/hard\libc_nano.a
LOAD C:/ST/STM32CubeIDE_1.19.0/STM32CubeIDE/plugins/com.st.stm32cube.ide.mcu.externaltools.gnu-tools-for-stm32.13.3.rel1.win32_1.0.0.202411081344/tools/bin/../lib/gcc/arm-none-eabi/13.3.1/../../../../arm-none-eabi/lib/thumb/v8-m.main+fp/hard\libnosys.a
END GROUP
LOAD C:/ST/STM32CubeIDE_1.19.0/STM32CubeIDE/plugins/com.st.stm32cube.ide.mcu.externaltools.gnu-tools-for-stm32.13.3.rel1.win32_1.0.0.202411081344/tools/bin/../lib/gcc/arm-none-eabi/13.3.1/thumb/v8-m.main+fp/hard/crtend.o
LOAD C:/ST/STM32CubeIDE_1.19.0/STM32CubeIDE/plugins/com.st.stm32cube.ide.mcu.externaltools.gnu-tools-for-stm32.13.3.rel1.win32_1.0.0.202411081344/tools/bin/../lib/gcc/arm-none-eabi/13.3.1/thumb/v8-m.main+fp/hard/crtn.o
                0x200a0000                        _estack = (ORIGIN (RAM) + LENGTH (RAM))
                0x00000200                        _Min_Heap_Size = 0x200
                0x00000400                        _Min_Stack_Size = 0x400

.isr_vector     0x08000000      0x24c
                0x08000000                        . = ALIGN (0x4)
 *(.isr_vector)
 .isr_vector    0x08000000      0x24c ./Core/Startup/startup_stm32h562rgtx.o
                0x08000000                g_pfnVectors
                0x0800024c                        . = ALIGN (0x4)

.text           0x08000250    0x168d4
                0x08000250                        . = ALIGN (0x4)
 *(.text)
 .text          0x08000250       0x40 C:/ST/STM32CubeIDE_1.19.0/STM32CubeIDE/plugins/com.st.stm32cube.ide.mcu.externaltools.gnu-tools-for-stm32.13.3.rel1.win32_1.0.0.202411081344/tools/bin/../lib/gcc/arm-none-eabi/13.3.1/thumb/v8-m.main+fp/hard/crtbegin.o
 .text          0x08000290       0x14 C:/ST/STM32CubeIDE_1.19.0/STM32CubeIDE/plugins/com.st.stm32cube.ide.mcu.externaltools.gnu-tools-for-stm32.13.3.rel1.win32_1.0.0.202411081344/tools/bin/../lib/gcc/arm-none-eabi/13.3.1/../../../../arm-none-eabi/lib/thumb/v8-m.main+fp/hard\libc_nano.a(libc_a-strcmp.o)
                0x08000290                strcmp
 .text          0x080002a4       0x10 C:/ST/STM32CubeIDE_1.19.0/STM32CubeIDE/plugins/com.st.stm32cube.ide.mcu.externaltools.gnu-tools-for-stm32.13.3.rel1.win32_1.0.0.202411081344/tools/bin/../lib/gcc/arm-none-eabi/13.3.1/../../../../arm-none-eabi/lib/thumb/v8-m.main+fp/hard\libc_nano.a(libc_a-strlen.o)
                0x080002a4                strlen
 .text          0x080002b4       0x30 C:/ST/STM32CubeIDE_1.19.0/STM32CubeIDE/plugins/com.st.stm32cube.ide.mcu.externaltools.gnu-tools-for-stm32.13.3.rel1.win32_1.0.0.202411081344/tools/bin/../lib/gcc/arm-none-eabi/13.3.1/thumb/v8-m.main+fp/hard\libgcc.a(_aeabi_uldivmod.o)
                0x080002b4                __aeabi_uldivmod
 .text          0x080002e4      0x348 C:/ST/STM32CubeIDE_1.19.0/STM32CubeIDE/plugins/com.st.stm32cube.ide.mcu.externaltools.gnu-tools-for-stm32.13.3.rel1.win32_1.0.0.202411081344/tools/bin/../lib/gcc/arm-none-eabi/13.3.1/thumb/v8-m.main+fp/hard\libgcc.a(_udivmoddi4.o)
                0x080002e4                __udivmoddi4
 .text          0x0800062c        0x4 C:/ST/STM32CubeIDE_1.19.0/STM32CubeIDE/plugins/com.st.stm32cube.ide.mcu.externaltools.gnu-tools-for-stm32.13.3.rel1.win32_1.0.0.202411081344/tools/bin/../lib/gcc/arm-none-eabi/13.3.1/thumb/v8-m.main+fp/hard\libgcc.a(_dvmd_tls.o)
                0x0800062c                __aeabi_idiv0
                0x0800062c                __aeabi_ldiv0
 *(.text*)
 .text.MX_ADC1_Init
                0x08000630       0xc8 ./Core/Src/adc.o
                0x08000630                MX_ADC1_Init
 .text.MX_ADC2_Init
                0x080006f8       0xc8 ./Core/Src/adc.o
                0x080006f8                MX_ADC2_Init
 .text.HAL_ADC_MspInit
                0x080007c0      0x204 ./Core/Src/adc.o
                0x080007c0                HAL_ADC_MspInit
 .text.ADS7041_Read
                0x080009c4       0x60 ./Core/Src/ads7041.o
                0x080009c4                ADS7041_Read
 .text.ADS7041_UART2_Task
                0x08000a24       0x5c ./Core/Src/ads7041.o
                0x08000a24                ADS7041_UART2_Task
 .text.ADS8325_Init
                0x08000a80       0x4c ./Core/Src/ads8325.o
                0x08000a80                ADS8325_Init
 .text.ADS8325_Read
                0x08000acc       0x9a ./Core/Src/ads8325.o
                0x08000acc                ADS8325_Read
 .text.ADS8325_ReadN
                0x08000b66       0x46 ./Core/Src/ads8325.o
                0x08000b66                ADS8325_ReadN
 .text.adxl345_write_reg
                0x08000bac       0x38 ./Core/Src/adxl345.o
 .text.adxl345_read_reg
                0x08000be4       0x34 ./Core/Src/adxl345.o
 .text.ADXL345_Init_I2C2
                0x08000c18       0x34 ./Core/Src/adxl345.o
                0x08000c18                ADXL345_Init_I2C2
 .text.ADXL345_ReadRaw_I2C2
                0x08000c4c       0x7c ./Core/Src/adxl345.o
                0x08000c4c                ADXL345_ReadRaw_I2C2
 .text.ADXL345_UART2_Task
                0x08000cc8       0x68 ./Core/Src/adxl345.o
                0x08000cc8                ADXL345_UART2_Task
 .text.vConfigureTimerForRunTimeStats
                0x08000d30       0x34 ./Core/Src/app_freertos.o
                0x08000d30                vConfigureTimerForRunTimeStats
 .text.MX_FREERTOS_Init
                0x08000d64       0xb0 ./Core/Src/app_freertos.o
                0x08000d64                MX_FREERTOS_Init
 .text.StartDefaultTask
                0x08000e14       0x20 ./Core/Src/app_freertos.o
                0x08000e14                StartDefaultTask
 .text.MX_DAC1_Init
                0x08000e34       0x70 ./Core/Src/dac.o
                0x08000e34                MX_DAC1_Init
 .text.HAL_DAC_MspInit
                0x08000ea4       0x8c ./Core/Src/dac.o
                0x08000ea4                HAL_DAC_MspInit
 .text.MX_GPIO_Init
                0x08000f30      0x1a4 ./Core/Src/gpio.o
                0x08000f30                MX_GPIO_Init
 .text.MX_I2C1_Init
                0x080010d4       0x80 ./Core/Src/i2c.o
                0x080010d4                MX_I2C1_Init
 .text.MX_I2C2_Init
                0x08001154       0x80 ./Core/Src/i2c.o
                0x08001154                MX_I2C2_Init
 .text.HAL_I2C_MspInit
                0x080011d4      0x1f0 ./Core/Src/i2c.o
                0x080011d4                HAL_I2C_MspInit
 .text.main     0x080013c4       0x60 ./Core/Src/main.o
                0x080013c4                main
 .text.SystemClock_Config
                0x08001424       0xe8 ./Core/Src/main.o
                0x08001424                SystemClock_Config
 .text.HAL_TIM_PeriodElapsedCallback
                0x0800150c       0x24 ./Core/Src/main.o
                0x0800150c                HAL_TIM_PeriodElapsedCallback
 .text.Error_Handler
                0x08001530        0xc ./Core/Src/main.o
                0x08001530                Error_Handler
 .text.ADS7041_ReadRaw
                0x0800153c       0x4c ./Core/Src/my_tasks.o
 .text.TIM8_SetDutyDirect
                0x08001588       0x6c ./Core/Src/my_tasks.o
 .text.Loop1_TIM6_ISR_Handler
                0x080015f4      0x1d4 ./Core/Src/my_tasks.o
                0x080015f4                Loop1_TIM6_ISR_Handler
 .text.Loop1_Start
                0x080017c8       0x58 ./Core/Src/my_tasks.o
 .text.Loop1_Stop
                0x08001820       0x30 ./Core/Src/my_tasks.o
 .text.PID_Reset
                0x08001850       0x24 ./Core/Src/my_tasks.o
 .text.median5_u16
                0x08001874       0xb2 ./Core/Src/my_tasks.o
 *fill*         0x08001926        0x2 
 .text.VCA_ReadPosADC
                0x08001928       0x20 ./Core/Src/my_tasks.o
 .text.VCA_SetDuty
                0x08001948       0x80 ./Core/Src/my_tasks.o
 .text.vca_on   0x080019c8       0x18 ./Core/Src/my_tasks.o
 .text.vca_off  0x080019e0       0x28 ./Core/Src/my_tasks.o
 .text.HPSwitchTask
                0x08001a08      0xb38 ./Core/Src/my_tasks.o
                0x08001a08                HPSwitchTask
 .text.ADS8325_AcqTask
                0x08002540      0x194 ./Core/Src/my_tasks.o
                0x08002540                ADS8325_AcqTask
 .text.ADS8325_RS485_Task
                0x080026d4       0xac ./Core/Src/my_tasks.o
                0x080026d4                ADS8325_RS485_Task
 .text.Uart2_Tx_IT
                0x08002780       0x48 ./Core/Src/my_tasks.o
 .text.LEDTask  0x080027c8       0x12 ./Core/Src/my_tasks.o
                0x080027c8                LEDTask
 *fill*         0x080027da        0x2 
 .text.SysMonTask
                0x080027dc      0x16c ./Core/Src/my_tasks.o
                0x080027dc                SysMonTask
 .text.MX_SPI1_Init
                0x08002948       0xac ./Core/Src/spi.o
                0x08002948                MX_SPI1_Init
 .text.MX_SPI2_Init
                0x080029f4       0xac ./Core/Src/spi.o
                0x080029f4                MX_SPI2_Init
 .text.MX_SPI3_Init
                0x08002aa0       0xac ./Core/Src/spi.o
                0x08002aa0                MX_SPI3_Init
 .text.MX_SPI6_Init
                0x08002b4c       0xac ./Core/Src/spi.o
                0x08002b4c                MX_SPI6_Init
 .text.HAL_SPI_MspInit
                0x08002bf8      0x4bc ./Core/Src/spi.o
                0x08002bf8                HAL_SPI_MspInit
 .text.HAL_SPI_MspDeInit
                0x080030b4       0xdc ./Core/Src/spi.o
                0x080030b4                HAL_SPI_MspDeInit
 .text.HAL_MspInit
                0x08003190       0x14 ./Core/Src/stm32h5xx_hal_msp.o
                0x08003190                HAL_MspInit
 .text.NMI_Handler
                0x080031a4        0x8 ./Core/Src/stm32h5xx_it.o
                0x080031a4                NMI_Handler
 .text.HardFault_Handler
                0x080031ac        0x8 ./Core/Src/stm32h5xx_it.o
                0x080031ac                HardFault_Handler
 .text.MemManage_Handler
                0x080031b4        0x8 ./Core/Src/stm32h5xx_it.o
                0x080031b4                MemManage_Handler
 .text.BusFault_Handler
                0x080031bc        0x8 ./Core/Src/stm32h5xx_it.o
                0x080031bc                BusFault_Handler
 .text.UsageFault_Handler
                0x080031c4        0x8 ./Core/Src/stm32h5xx_it.o
                0x080031c4                UsageFault_Handler
 .text.DebugMon_Handler
                0x080031cc        0xe ./Core/Src/stm32h5xx_it.o
                0x080031cc                DebugMon_Handler
 *fill*         0x080031da        0x2 
 .text.TIM6_IRQHandler
                0x080031dc       0x14 ./Core/Src/stm32h5xx_it.o
                0x080031dc                TIM6_IRQHandler
 .text.USART1_IRQHandler
                0x080031f0       0x14 ./Core/Src/stm32h5xx_it.o
                0x080031f0                USART1_IRQHandler
 .text.USART2_IRQHandler
                0x08003204       0x14 ./Core/Src/stm32h5xx_it.o
                0x08003204                USART2_IRQHandler
 .text._sbrk    0x08003218       0x6c ./Core/Src/sysmem.o
                0x08003218                _sbrk
 .text.SystemInit
                0x08003284       0xf8 ./Core/Src/system_stm32h5xx.o
                0x08003284                SystemInit
 .text.MX_TIM6_Init
                0x0800337c       0x6c ./Core/Src/tim.o
                0x0800337c                MX_TIM6_Init
 .text.MX_TIM8_Init
                0x080033e8      0x160 ./Core/Src/tim.o
                0x080033e8                MX_TIM8_Init
 .text.HAL_TIM_Base_MspInit
                0x08003548       0x80 ./Core/Src/tim.o
                0x08003548                HAL_TIM_Base_MspInit
 .text.HAL_TIM_MspPostInit
                0x080035c8       0x74 ./Core/Src/tim.o
                0x080035c8                HAL_TIM_MspPostInit
 .text.CSN_L    0x0800363c       0x18 ./Core/Src/tle9201.o
 .text.CSN_H    0x08003654       0x18 ./Core/Src/tle9201.o
 .text.TLE9201_SetPWM_Frequency
                0x0800366c       0xd0 ./Core/Src/tle9201.o
 .text.TLE9201_Enable
                0x0800373c       0x44 ./Core/Src/tle9201.o
                0x0800373c                TLE9201_Enable
 .text.TLE9201_SetDir
                0x08003780       0x24 ./Core/Src/tle9201.o
                0x08003780                TLE9201_SetDir
 .text.TLE9201_SetPWM_duty
                0x080037a4       0x84 ./Core/Src/tle9201.o
                0x080037a4                TLE9201_SetPWM_duty
 .text.TLE9201_SetSPIMode
                0x08003828       0x44 ./Core/Src/tle9201.o
 .text.TLE9201_SPI_TxRx
                0x0800386c       0x68 ./Core/Src/tle9201.o
                0x0800386c                TLE9201_SPI_TxRx
 .text.TLE9201_ReadRev
                0x080038d4       0x10 ./Core/Src/tle9201.o
                0x080038d4                TLE9201_ReadRev
 .text.TLE9201_ClearErrors
                0x080038e4       0x10 ./Core/Src/tle9201.o
                0x080038e4                TLE9201_ClearErrors
 .text.TLE9201_Init
                0x080038f4       0x8c ./Core/Src/tle9201.o
                0x080038f4                TLE9201_Init
 .text.TaskCpu_ResetAllBaselines
                0x08003980       0xc4 ./Core/Src/uart_cmd.o
 .text.TaskCpu_GetDeltaCounter
                0x08003a44       0x60 ./Core/Src/uart_cmd.o
 .text.find_task_by_index
                0x08003aa4       0xc4 ./Core/Src/uart_cmd.o
 .text.is_task_protected_name
                0x08003b68       0x64 ./Core/Src/uart_cmd.o
 .text.get_task_name_by_handle
                0x08003bcc       0x80 ./Core/Src/uart_cmd.o
 .text.Terminal_ClearScreenAndBanner
                0x08003c4c       0x78 ./Core/Src/uart_cmd.o
 .text.print_help
                0x08003cc4       0x14 ./Core/Src/uart_cmd.o
 .text.handle_user_command
                0x08003cd8      0xc54 ./Core/Src/uart_cmd.o
 .text.task_sort_key
                0x0800492c       0xd8 ./Core/Src/uart_cmd.o
 .text.sort_task_status
                0x08004a04      0x100 ./Core/Src/uart_cmd.o
 .text.print_task_stats
                0x08004b04      0x244 ./Core/Src/uart_cmd.o
 .text.print_heap_stats
                0x08004d48       0x34 ./Core/Src/uart_cmd.o
 .text.UART_Cmd_GetRxQueueFree
                0x08004d7c       0x28 ./Core/Src/uart_cmd.o
                0x08004d7c                UART_Cmd_GetRxQueueFree
 .text.UART_Cmd_GetRxQueueLength
                0x08004da4       0x10 ./Core/Src/uart_cmd.o
                0x08004da4                UART_Cmd_GetRxQueueLength
 .text.uart_write_str
                0x08004db4       0x2c ./Core/Src/uart_cmd.o
 .text.uart_write_len
                0x08004de0       0x28 ./Core/Src/uart_cmd.o
 .text.uart_send_data
                0x08004e08       0x1e ./Core/Src/uart_cmd.o
 *fill*         0x08004e26        0x2 
 .text.uart_echo_byte
                0x08004e28       0x70 ./Core/Src/uart_cmd.o
 .text.HAL_UART_RxCpltCallback
                0x08004e98       0x5c ./Core/Src/uart_cmd.o
                0x08004e98                HAL_UART_RxCpltCallback
 .text.UART_Cmd_Init
                0x08004ef4       0x70 ./Core/Src/uart_cmd.o
                0x08004ef4                UART_Cmd_Init
 .text.UART_CmdTask
                0x08004f64      0x1c0 ./Core/Src/uart_cmd.o
                0x08004f64                UART_CmdTask
 .text.MX_USART1_UART_Init
                0x08005124       0x98 ./Core/Src/usart.o
                0x08005124                MX_USART1_UART_Init
 .text.MX_USART2_UART_Init
                0x080051bc       0xa0 ./Core/Src/usart.o
                0x080051bc                MX_USART2_UART_Init
 .text.HAL_UART_MspInit
                0x0800525c      0x210 ./Core/Src/usart.o
                0x0800525c                HAL_UART_MspInit
 .text.HAL_UART_TxCpltCallback
                0x0800546c       0x50 ./Core/Src/usart.o
                0x0800546c                HAL_UART_TxCpltCallback
 .text.VCA_Init
                0x080054bc       0x14 ./Core/Src/vca_control.o
                0x080054bc                VCA_Init
 .text.VCA_PID_SetGains
                0x080054d0       0x1e ./Core/Src/vca_stub.o
                0x080054d0                VCA_PID_SetGains
 .text.VCA_PID_GetGains
                0x080054ee       0x42 ./Core/Src/vca_stub.o
                0x080054ee                VCA_PID_GetGains
 .text.VCA_SetTargetADC
                0x08005530       0x16 ./Core/Src/vca_stub.o
                0x08005530                VCA_SetTargetADC
 .text.VCA_GetTargetADC
                0x08005546       0x10 ./Core/Src/vca_stub.o
                0x08005546                VCA_GetTargetADC
 *fill*         0x08005556        0x2 
 .text.Reset_Handler
                0x08005558       0x50 ./Core/Startup/startup_stm32h562rgtx.o
                0x08005558                Reset_Handler
 .text.Default_Handler
                0x080055a8        0x2 ./Core/Startup/startup_stm32h562rgtx.o
                0x080055a8                EXTI2_IRQHandler
                0x080055a8                TIM8_TRG_COM_IRQHandler
                0x080055a8                TIM8_CC_IRQHandler
                0x080055a8                EXTI5_IRQHandler
                0x080055a8                I3C1_ER_IRQHandler
                0x080055a8                UART8_IRQHandler
                0x080055a8                SPI4_IRQHandler
                0x080055a8                GPDMA2_Channel1_IRQHandler
                0x080055a8                FLASH_S_IRQHandler
                0x080055a8                EXTI13_IRQHandler
                0x080055a8                TIM1_CC_IRQHandler
                0x080055a8                GPDMA2_Channel3_IRQHandler
                0x080055a8                TAMP_IRQHandler
                0x080055a8                EXTI12_IRQHandler
                0x080055a8                CORDIC_IRQHandler
                0x080055a8                USB_DRD_FS_IRQHandler
                0x080055a8                EXTI3_IRQHandler
                0x080055a8                LPTIM4_IRQHandler
                0x080055a8                GPDMA1_Channel5_IRQHandler
                0x080055a8                EXTI8_IRQHandler
                0x080055a8                GPDMA2_Channel5_IRQHandler
                0x080055a8                LPTIM2_IRQHandler
                0x080055a8                I2C3_ER_IRQHandler
                0x080055a8                GPDMA2_Channel2_IRQHandler
                0x080055a8                USART10_IRQHandler
                0x080055a8                LPTIM3_IRQHandler
                0x080055a8                EXTI0_IRQHandler
                0x080055a8                I2C2_EV_IRQHandler
                0x080055a8                FPU_IRQHandler
                0x080055a8                GPDMA1_Channel3_IRQHandler
                0x080055a8                GPDMA1_Channel7_IRQHandler
                0x080055a8                FDCAN1_IT1_IRQHandler
                0x080055a8                RAMCFG_IRQHandler
                0x080055a8                DCACHE1_IRQHandler
                0x080055a8                SPI1_IRQHandler
                0x080055a8                OCTOSPI1_IRQHandler
                0x080055a8                GPDMA1_Channel2_IRQHandler
                0x080055a8                TIM8_UP_IRQHandler
                0x080055a8                RCC_S_IRQHandler
                0x080055a8                SAI2_IRQHandler
                0x080055a8                ADC1_IRQHandler
                0x080055a8                USART6_IRQHandler
                0x080055a8                EXTI15_IRQHandler
                0x080055a8                TIM17_IRQHandler
                0x080055a8                USART3_IRQHandler
                0x080055a8                RTC_IRQHandler
                0x080055a8                EXTI9_IRQHandler
                0x080055a8                LPTIM5_IRQHandler
                0x080055a8                UART5_IRQHandler
                0x080055a8                TIM4_IRQHandler
                0x080055a8                I2C1_EV_IRQHandler
                0x080055a8                GPDMA1_Channel1_IRQHandler
                0x080055a8                TIM16_IRQHandler
                0x080055a8                UART4_IRQHandler
                0x080055a8                SecureFault_Handler
                0x080055a8                TIM3_IRQHandler
                0x080055a8                RCC_IRQHandler
                0x080055a8                UART9_IRQHandler
                0x080055a8                TIM1_TRG_COM_IRQHandler
                0x080055a8                Default_Handler
                0x080055a8                FMAC_IRQHandler
                0x080055a8                CEC_IRQHandler
                0x080055a8                USART11_IRQHandler
                0x080055a8                TIM14_IRQHandler
                0x080055a8                TIM13_IRQHandler
                0x080055a8                GPDMA2_Channel4_IRQHandler
                0x080055a8                SPI5_IRQHandler
                0x080055a8                TIM12_IRQHandler
                0x080055a8                TIM7_IRQHandler
                0x080055a8                SDMMC1_IRQHandler
                0x080055a8                TIM5_IRQHandler
                0x080055a8                UCPD1_IRQHandler
                0x080055a8                GPDMA1_Channel0_IRQHandler
                0x080055a8                I3C1_EV_IRQHandler
                0x080055a8                TIM15_IRQHandler
                0x080055a8                PVD_AVD_IRQHandler
                0x080055a8                I2C3_EV_IRQHandler
                0x080055a8                ADC2_IRQHandler
                0x080055a8                SPI2_IRQHandler
                0x080055a8                EXTI14_IRQHandler
                0x080055a8                EXTI11_IRQHandler
                0x080055a8                CRS_IRQHandler
                0x080055a8                EXTI4_IRQHandler
                0x080055a8                GPDMA2_Channel0_IRQHandler
                0x080055a8                RTC_S_IRQHandler
                0x080055a8                RNG_IRQHandler
                0x080055a8                GPDMA2_Channel6_IRQHandler
                0x080055a8                TIM1_UP_IRQHandler
                0x080055a8                UART12_IRQHandler
                0x080055a8                WWDG_IRQHandler
                0x080055a8                SPI6_IRQHandler
                0x080055a8                I2C4_EV_IRQHandler
                0x080055a8                IWDG_IRQHandler
                0x080055a8                LPUART1_IRQHandler
                0x080055a8                FDCAN1_IT0_IRQHandler
                0x080055a8                TIM2_IRQHandler
                0x080055a8                GPDMA1_Channel4_IRQHandler
                0x080055a8                EXTI7_IRQHandler
                0x080055a8                TIM1_BRK_IRQHandler
                0x080055a8                EXTI1_IRQHandler
                0x080055a8                LPTIM6_IRQHandler
                0x080055a8                DAC1_IRQHandler
                0x080055a8                DTS_IRQHandler
                0x080055a8                UART7_IRQHandler
                0x080055a8                GTZC_IRQHandler
                0x080055a8                GPDMA1_Channel6_IRQHandler
                0x080055a8                GPDMA2_Channel7_IRQHandler
                0x080055a8                I2C2_ER_IRQHandler
                0x080055a8                TIM8_BRK_IRQHandler
                0x080055a8                FLASH_IRQHandler
                0x080055a8                EXTI10_IRQHandler
                0x080055a8                SPI3_IRQHandler
                0x080055a8                I2C1_ER_IRQHandler
                0x080055a8                FMC_IRQHandler
                0x080055a8                EXTI6_IRQHandler
                0x080055a8                LPTIM1_IRQHandler
                0x080055a8                DCMI_PSSI_IRQHandler
                0x080055a8                I2C4_ER_IRQHandler
                0x080055a8                ICACHE_IRQHandler
                0x080055a8                SAI1_IRQHandler
                0x080055a8                HASH_IRQHandler
 *fill*         0x080055aa        0x2 
 .text.HAL_Init
                0x080055ac       0x50 ./Drivers/STM32H5xx_HAL_Driver/Src/stm32h5xx_hal.o
                0x080055ac                HAL_Init
 .text.HAL_InitTick
                0x080055fc       0xec ./Drivers/STM32H5xx_HAL_Driver/Src/stm32h5xx_hal.o
                0x080055fc                HAL_InitTick
 .text.HAL_GetTick
                0x080056e8       0x18 ./Drivers/STM32H5xx_HAL_Driver/Src/stm32h5xx_hal.o
                0x080056e8                HAL_GetTick
 .text.LL_ADC_SetCommonClock
                0x08005700       0x26 ./Drivers/STM32H5xx_HAL_Driver/Src/stm32h5xx_hal_adc.o
 .text.LL_ADC_SetCommonPathInternalCh
                0x08005726       0x26 ./Drivers/STM32H5xx_HAL_Driver/Src/stm32h5xx_hal_adc.o
 .text.LL_ADC_GetCommonPathInternalCh
                0x0800574c       0x1c ./Drivers/STM32H5xx_HAL_Driver/Src/stm32h5xx_hal_adc.o
 .text.LL_ADC_EnableChannelVDDcore
                0x08005768       0x24 ./Drivers/STM32H5xx_HAL_Driver/Src/stm32h5xx_hal_adc.o
 .text.LL_ADC_EnableChannel0_GPIO
                0x0800578c       0x28 ./Drivers/STM32H5xx_HAL_Driver/Src/stm32h5xx_hal_adc.o
 .text.LL_ADC_SetOffset
                0x080057b4       0x48 ./Drivers/STM32H5xx_HAL_Driver/Src/stm32h5xx_hal_adc.o
 .text.LL_ADC_GetOffsetChannel
                0x080057fc       0x2c ./Drivers/STM32H5xx_HAL_Driver/Src/stm32h5xx_hal_adc.o
 .text.LL_ADC_SetOffsetState
                0x08005828       0x36 ./Drivers/STM32H5xx_HAL_Driver/Src/stm32h5xx_hal_adc.o
 .text.LL_ADC_SetOffsetSign
                0x0800585e       0x36 ./Drivers/STM32H5xx_HAL_Driver/Src/stm32h5xx_hal_adc.o
 .text.LL_ADC_SetOffsetSaturation
                0x08005894       0x36 ./Drivers/STM32H5xx_HAL_Driver/Src/stm32h5xx_hal_adc.o
 .text.LL_ADC_SetSamplingTimeCommonConfig
                0x080058ca       0x26 ./Drivers/STM32H5xx_HAL_Driver/Src/stm32h5xx_hal_adc.o
 .text.LL_ADC_REG_SetSequencerRanks
                0x080058f0       0x58 ./Drivers/STM32H5xx_HAL_Driver/Src/stm32h5xx_hal_adc.o
 .text.LL_ADC_SetChannelSamplingTime
                0x08005948       0x56 ./Drivers/STM32H5xx_HAL_Driver/Src/stm32h5xx_hal_adc.o
 *fill*         0x0800599e        0x2 
 .text.LL_ADC_SetChannelSingleDiff
                0x080059a0       0x48 ./Drivers/STM32H5xx_HAL_Driver/Src/stm32h5xx_hal_adc.o
 .text.LL_ADC_DisableDeepPowerDown
                0x080059e8       0x24 ./Drivers/STM32H5xx_HAL_Driver/Src/stm32h5xx_hal_adc.o
 .text.LL_ADC_IsDeepPowerDownEnabled
                0x08005a0c       0x28 ./Drivers/STM32H5xx_HAL_Driver/Src/stm32h5xx_hal_adc.o
 .text.LL_ADC_EnableInternalRegulator
                0x08005a34       0x28 ./Drivers/STM32H5xx_HAL_Driver/Src/stm32h5xx_hal_adc.o
 .text.LL_ADC_IsInternalRegulatorEnabled
                0x08005a5c       0x28 ./Drivers/STM32H5xx_HAL_Driver/Src/stm32h5xx_hal_adc.o
 .text.LL_ADC_IsEnabled
                0x08005a84       0x26 ./Drivers/STM32H5xx_HAL_Driver/Src/stm32h5xx_hal_adc.o
 .text.LL_ADC_REG_IsConversionOngoing
                0x08005aaa       0x26 ./Drivers/STM32H5xx_HAL_Driver/Src/stm32h5xx_hal_adc.o
 .text.LL_ADC_INJ_IsConversionOngoing
                0x08005ad0       0x26 ./Drivers/STM32H5xx_HAL_Driver/Src/stm32h5xx_hal_adc.o
 *fill*         0x08005af6        0x2 
 .text.HAL_ADC_Init
                0x08005af8      0x2a8 ./Drivers/STM32H5xx_HAL_Driver/Src/stm32h5xx_hal_adc.o
                0x08005af8                HAL_ADC_Init
 .text.HAL_ADC_ConfigChannel
                0x08005da0      0x820 ./Drivers/STM32H5xx_HAL_Driver/Src/stm32h5xx_hal_adc.o
                0x08005da0                HAL_ADC_ConfigChannel
 .text.__NVIC_SetPriorityGrouping
                0x080065c0       0x48 ./Drivers/STM32H5xx_HAL_Driver/Src/stm32h5xx_hal_cortex.o
 .text.__NVIC_GetPriorityGrouping
                0x08006608       0x1c ./Drivers/STM32H5xx_HAL_Driver/Src/stm32h5xx_hal_cortex.o
 .text.__NVIC_EnableIRQ
                0x08006624       0x3c ./Drivers/STM32H5xx_HAL_Driver/Src/stm32h5xx_hal_cortex.o
 .text.__NVIC_SetPriority
                0x08006660       0x54 ./Drivers/STM32H5xx_HAL_Driver/Src/stm32h5xx_hal_cortex.o
 .text.NVIC_EncodePriority
                0x080066b4       0x66 ./Drivers/STM32H5xx_HAL_Driver/Src/stm32h5xx_hal_cortex.o
 .text.HAL_NVIC_SetPriorityGrouping
                0x0800671a       0x16 ./Drivers/STM32H5xx_HAL_Driver/Src/stm32h5xx_hal_cortex.o
                0x0800671a                HAL_NVIC_SetPriorityGrouping
 .text.HAL_NVIC_SetPriority
                0x08006730       0x34 ./Drivers/STM32H5xx_HAL_Driver/Src/stm32h5xx_hal_cortex.o
                0x08006730                HAL_NVIC_SetPriority
 .text.HAL_NVIC_EnableIRQ
                0x08006764       0x1c ./Drivers/STM32H5xx_HAL_Driver/Src/stm32h5xx_hal_cortex.o
                0x08006764                HAL_NVIC_EnableIRQ
 .text.HAL_SYSTICK_Config
                0x08006780       0x44 ./Drivers/STM32H5xx_HAL_Driver/Src/stm32h5xx_hal_cortex.o
                0x08006780                HAL_SYSTICK_Config
 .text.HAL_SYSTICK_CLKSourceConfig
                0x080067c4       0xb0 ./Drivers/STM32H5xx_HAL_Driver/Src/stm32h5xx_hal_cortex.o
                0x080067c4                HAL_SYSTICK_CLKSourceConfig
 .text.HAL_SYSTICK_GetCLKSourceConfig
                0x08006874       0x6c ./Drivers/STM32H5xx_HAL_Driver/Src/stm32h5xx_hal_cortex.o
                0x08006874                HAL_SYSTICK_GetCLKSourceConfig
 .text.HAL_DAC_Init
                0x080068e0       0x44 ./Drivers/STM32H5xx_HAL_Driver/Src/stm32h5xx_hal_dac.o
                0x080068e0                HAL_DAC_Init
 .text.HAL_DAC_ConfigChannel
                0x08006924      0x32c ./Drivers/STM32H5xx_HAL_Driver/Src/stm32h5xx_hal_dac.o
                0x08006924                HAL_DAC_ConfigChannel
 .text.HAL_DMA_Abort
                0x08006c50       0xf8 ./Drivers/STM32H5xx_HAL_Driver/Src/stm32h5xx_hal_dma.o
                0x08006c50                HAL_DMA_Abort
 .text.HAL_DMA_Abort_IT
                0x08006d48       0x52 ./Drivers/STM32H5xx_HAL_Driver/Src/stm32h5xx_hal_dma.o
                0x08006d48                HAL_DMA_Abort_IT
 *fill*         0x08006d9a        0x2 
 .text.HAL_GPIO_Init
                0x08006d9c      0x2bc ./Drivers/STM32H5xx_HAL_Driver/Src/stm32h5xx_hal_gpio.o
                0x08006d9c                HAL_GPIO_Init
 .text.HAL_GPIO_DeInit
                0x08007058      0x178 ./Drivers/STM32H5xx_HAL_Driver/Src/stm32h5xx_hal_gpio.o
                0x08007058                HAL_GPIO_DeInit
 .text.HAL_GPIO_ReadPin
                0x080071d0       0x30 ./Drivers/STM32H5xx_HAL_Driver/Src/stm32h5xx_hal_gpio.o
                0x080071d0                HAL_GPIO_ReadPin
 .text.HAL_GPIO_WritePin
                0x08007200       0x30 ./Drivers/STM32H5xx_HAL_Driver/Src/stm32h5xx_hal_gpio.o
                0x08007200                HAL_GPIO_WritePin
 .text.HAL_GPIO_TogglePin
                0x08007230       0x34 ./Drivers/STM32H5xx_HAL_Driver/Src/stm32h5xx_hal_gpio.o
                0x08007230                HAL_GPIO_TogglePin
 .text.HAL_I2C_Init
                0x08007264      0x136 ./Drivers/STM32H5xx_HAL_Driver/Src/stm32h5xx_hal_i2c.o
                0x08007264                HAL_I2C_Init
 *fill*         0x0800739a        0x2 
 .text.HAL_I2C_Mem_Write
                0x0800739c      0x228 ./Drivers/STM32H5xx_HAL_Driver/Src/stm32h5xx_hal_i2c.o
                0x0800739c                HAL_I2C_Mem_Write
 .text.HAL_I2C_Mem_Read
                0x080075c4      0x234 ./Drivers/STM32H5xx_HAL_Driver/Src/stm32h5xx_hal_i2c.o
                0x080075c4                HAL_I2C_Mem_Read
 .text.I2C_RequestMemoryWrite
                0x080077f8       0xa8 ./Drivers/STM32H5xx_HAL_Driver/Src/stm32h5xx_hal_i2c.o
 .text.I2C_RequestMemoryRead
                0x080078a0       0xa8 ./Drivers/STM32H5xx_HAL_Driver/Src/stm32h5xx_hal_i2c.o
 .text.I2C_Flush_TXDR
                0x08007948       0x48 ./Drivers/STM32H5xx_HAL_Driver/Src/stm32h5xx_hal_i2c.o
 .text.I2C_WaitOnFlagUntilTimeout
                0x08007990       0xb2 ./Drivers/STM32H5xx_HAL_Driver/Src/stm32h5xx_hal_i2c.o
 .text.I2C_WaitOnTXISFlagUntilTimeout
                0x08007a42       0x8e ./Drivers/STM32H5xx_HAL_Driver/Src/stm32h5xx_hal_i2c.o
 .text.I2C_WaitOnSTOPFlagUntilTimeout
                0x08007ad0       0x86 ./Drivers/STM32H5xx_HAL_Driver/Src/stm32h5xx_hal_i2c.o
 *fill*         0x08007b56        0x2 
 .text.I2C_IsErrorOccurred
                0x08007b58      0x1c0 ./Drivers/STM32H5xx_HAL_Driver/Src/stm32h5xx_hal_i2c.o
 .text.I2C_TransferConfig
                0x08007d18       0x64 ./Drivers/STM32H5xx_HAL_Driver/Src/stm32h5xx_hal_i2c.o
 .text.HAL_I2CEx_ConfigAnalogFilter
                0x08007d7c       0x96 ./Drivers/STM32H5xx_HAL_Driver/Src/stm32h5xx_hal_i2c_ex.o
                0x08007d7c                HAL_I2CEx_ConfigAnalogFilter
 .text.HAL_I2CEx_ConfigDigitalFilter
                0x08007e12       0x98 ./Drivers/STM32H5xx_HAL_Driver/Src/stm32h5xx_hal_i2c_ex.o
                0x08007e12                HAL_I2CEx_ConfigDigitalFilter
 *fill*         0x08007eaa        0x2 
 .text.HAL_RCC_OscConfig
                0x08007eac      0x870 ./Drivers/STM32H5xx_HAL_Driver/Src/stm32h5xx_hal_rcc.o
                0x08007eac                HAL_RCC_OscConfig
 .text.HAL_RCC_ClockConfig
                0x0800871c      0x370 ./Drivers/STM32H5xx_HAL_Driver/Src/stm32h5xx_hal_rcc.o
                0x0800871c                HAL_RCC_ClockConfig
 .text.HAL_RCC_GetSysClockFreq
                0x08008a8c      0x258 ./Drivers/STM32H5xx_HAL_Driver/Src/stm32h5xx_hal_rcc.o
                0x08008a8c                HAL_RCC_GetSysClockFreq
 .text.HAL_RCC_GetHCLKFreq
                0x08008ce4       0x38 ./Drivers/STM32H5xx_HAL_Driver/Src/stm32h5xx_hal_rcc.o
                0x08008ce4                HAL_RCC_GetHCLKFreq
 .text.HAL_RCC_GetPCLK1Freq
                0x08008d1c       0x2c ./Drivers/STM32H5xx_HAL_Driver/Src/stm32h5xx_hal_rcc.o
                0x08008d1c                HAL_RCC_GetPCLK1Freq
 .text.HAL_RCC_GetPCLK2Freq
                0x08008d48       0x2c ./Drivers/STM32H5xx_HAL_Driver/Src/stm32h5xx_hal_rcc.o
                0x08008d48                HAL_RCC_GetPCLK2Freq
 .text.HAL_RCC_GetPCLK3Freq
                0x08008d74       0x2c ./Drivers/STM32H5xx_HAL_Driver/Src/stm32h5xx_hal_rcc.o
                0x08008d74                HAL_RCC_GetPCLK3Freq
 .text.HAL_RCCEx_PeriphCLKConfig
                0x08008da0     0x1e8c ./Drivers/STM32H5xx_HAL_Driver/Src/stm32h5xx_hal_rcc_ex.o
                0x08008da0                HAL_RCCEx_PeriphCLKConfig
 .text.HAL_RCCEx_GetPLL1ClockFreq
                0x0800ac2c      0x2d8 ./Drivers/STM32H5xx_HAL_Driver/Src/stm32h5xx_hal_rcc_ex.o
                0x0800ac2c                HAL_RCCEx_GetPLL1ClockFreq
 .text.HAL_RCCEx_GetPLL2ClockFreq
                0x0800af04      0x2d8 ./Drivers/STM32H5xx_HAL_Driver/Src/stm32h5xx_hal_rcc_ex.o
                0x0800af04                HAL_RCCEx_GetPLL2ClockFreq
 .text.HAL_RCCEx_GetPLL3ClockFreq
                0x0800b1dc      0x2d8 ./Drivers/STM32H5xx_HAL_Driver/Src/stm32h5xx_hal_rcc_ex.o
                0x0800b1dc                HAL_RCCEx_GetPLL3ClockFreq
 .text.HAL_RCCEx_GetPeriphCLKFreq
                0x0800b4b4     0x264c ./Drivers/STM32H5xx_HAL_Driver/Src/stm32h5xx_hal_rcc_ex.o
                0x0800b4b4                HAL_RCCEx_GetPeriphCLKFreq
 .text.RCCEx_PLL2_Config
                0x0800db00      0x130 ./Drivers/STM32H5xx_HAL_Driver/Src/stm32h5xx_hal_rcc_ex.o
 .text.RCCEx_PLL3_Config
                0x0800dc30      0x130 ./Drivers/STM32H5xx_HAL_Driver/Src/stm32h5xx_hal_rcc_ex.o
 .text.HAL_SPI_Init
                0x0800dd60      0x2e0 ./Drivers/STM32H5xx_HAL_Driver/Src/stm32h5xx_hal_spi.o
                0x0800dd60                HAL_SPI_Init
 .text.HAL_SPI_DeInit
                0x0800e040       0x52 ./Drivers/STM32H5xx_HAL_Driver/Src/stm32h5xx_hal_spi.o
                0x0800e040                HAL_SPI_DeInit
 *fill*         0x0800e092        0x2 
 .text.HAL_SPI_TransmitReceive
                0x0800e094      0x718 ./Drivers/STM32H5xx_HAL_Driver/Src/stm32h5xx_hal_spi.o
                0x0800e094                HAL_SPI_TransmitReceive
 .text.SPI_CloseTransfer
                0x0800e7ac      0x140 ./Drivers/STM32H5xx_HAL_Driver/Src/stm32h5xx_hal_spi.o
 .text.SPI_WaitOnFlagUntilTimeout
                0x0800e8ec       0x5c ./Drivers/STM32H5xx_HAL_Driver/Src/stm32h5xx_hal_spi.o
 .text.SPI_GetPacketSize
                0x0800e948       0x36 ./Drivers/STM32H5xx_HAL_Driver/Src/stm32h5xx_hal_spi.o
 .text.HAL_TIM_Base_Init
                0x0800e97e       0xae ./Drivers/STM32H5xx_HAL_Driver/Src/stm32h5xx_hal_tim.o
                0x0800e97e                HAL_TIM_Base_Init
 .text.HAL_TIM_Base_Start_IT
                0x0800ea2c      0x15c ./Drivers/STM32H5xx_HAL_Driver/Src/stm32h5xx_hal_tim.o
                0x0800ea2c                HAL_TIM_Base_Start_IT
 .text.HAL_TIM_PWM_Init
                0x0800eb88       0xae ./Drivers/STM32H5xx_HAL_Driver/Src/stm32h5xx_hal_tim.o
                0x0800eb88                HAL_TIM_PWM_Init
 .text.HAL_TIM_PWM_MspInit
                0x0800ec36       0x14 ./Drivers/STM32H5xx_HAL_Driver/Src/stm32h5xx_hal_tim.o
                0x0800ec36                HAL_TIM_PWM_MspInit
 *fill*         0x0800ec4a        0x2 
 .text.HAL_TIM_PWM_Start
                0x0800ec4c      0x2c0 ./Drivers/STM32H5xx_HAL_Driver/Src/stm32h5xx_hal_tim.o
                0x0800ec4c                HAL_TIM_PWM_Start
 .text.HAL_TIM_IRQHandler
                0x0800ef0c      0x29e ./Drivers/STM32H5xx_HAL_Driver/Src/stm32h5xx_hal_tim.o
                0x0800ef0c                HAL_TIM_IRQHandler
 *fill*         0x0800f1aa        0x2 
 .text.HAL_TIM_PWM_ConfigChannel
                0x0800f1ac      0x228 ./Drivers/STM32H5xx_HAL_Driver/Src/stm32h5xx_hal_tim.o
                0x0800f1ac                HAL_TIM_PWM_ConfigChannel
 .text.HAL_TIM_GenerateEvent
                0x0800f3d4       0x4e ./Drivers/STM32H5xx_HAL_Driver/Src/stm32h5xx_hal_tim.o
                0x0800f3d4                HAL_TIM_GenerateEvent
 *fill*         0x0800f422        0x2 
 .text.HAL_TIM_ConfigClockSource
                0x0800f424      0x23c ./Drivers/STM32H5xx_HAL_Driver/Src/stm32h5xx_hal_tim.o
                0x0800f424                HAL_TIM_ConfigClockSource
 .text.HAL_TIM_OC_DelayElapsedCallback
                0x0800f660       0x14 ./Drivers/STM32H5xx_HAL_Driver/Src/stm32h5xx_hal_tim.o
                0x0800f660                HAL_TIM_OC_DelayElapsedCallback
 .text.HAL_TIM_IC_CaptureCallback
                0x0800f674       0x14 ./Drivers/STM32H5xx_HAL_Driver/Src/stm32h5xx_hal_tim.o
                0x0800f674                HAL_TIM_IC_CaptureCallback
 .text.HAL_TIM_PWM_PulseFinishedCallback
                0x0800f688       0x14 ./Drivers/STM32H5xx_HAL_Driver/Src/stm32h5xx_hal_tim.o
                0x0800f688                HAL_TIM_PWM_PulseFinishedCallback
 .text.HAL_TIM_TriggerCallback
                0x0800f69c       0x14 ./Drivers/STM32H5xx_HAL_Driver/Src/stm32h5xx_hal_tim.o
                0x0800f69c                HAL_TIM_TriggerCallback
 .text.TIM_Base_SetConfig
                0x0800f6b0      0x254 ./Drivers/STM32H5xx_HAL_Driver/Src/stm32h5xx_hal_tim.o
                0x0800f6b0                TIM_Base_SetConfig
 .text.TIM_OC1_SetConfig
                0x0800f904      0x184 ./Drivers/STM32H5xx_HAL_Driver/Src/stm32h5xx_hal_tim.o
 .text.TIM_OC2_SetConfig
                0x0800fa88      0x160 ./Drivers/STM32H5xx_HAL_Driver/Src/stm32h5xx_hal_tim.o
                0x0800fa88                TIM_OC2_SetConfig
 .text.TIM_OC3_SetConfig
                0x0800fbe8      0x15c ./Drivers/STM32H5xx_HAL_Driver/Src/stm32h5xx_hal_tim.o
 .text.TIM_OC4_SetConfig
                0x0800fd44      0x160 ./Drivers/STM32H5xx_HAL_Driver/Src/stm32h5xx_hal_tim.o
 .text.TIM_OC5_SetConfig
                0x0800fea4      0x104 ./Drivers/STM32H5xx_HAL_Driver/Src/stm32h5xx_hal_tim.o
 .text.TIM_OC6_SetConfig
                0x0800ffa8      0x108 ./Drivers/STM32H5xx_HAL_Driver/Src/stm32h5xx_hal_tim.o
 .text.TIM_TI1_ConfigInputStage
                0x080100b0       0x5e ./Drivers/STM32H5xx_HAL_Driver/Src/stm32h5xx_hal_tim.o
 .text.TIM_TI2_ConfigInputStage
                0x0801010e       0x60 ./Drivers/STM32H5xx_HAL_Driver/Src/stm32h5xx_hal_tim.o
 .text.TIM_ITRx_SetConfig
                0x0801016e       0x3a ./Drivers/STM32H5xx_HAL_Driver/Src/stm32h5xx_hal_tim.o
 .text.TIM_ETR_SetConfig
                0x080101a8       0x40 ./Drivers/STM32H5xx_HAL_Driver/Src/stm32h5xx_hal_tim.o
                0x080101a8                TIM_ETR_SetConfig
 .text.TIM_CCxChannelCmd
                0x080101e8       0x4a ./Drivers/STM32H5xx_HAL_Driver/Src/stm32h5xx_hal_tim.o
                0x080101e8                TIM_CCxChannelCmd
 *fill*         0x08010232        0x2 
 .text.HAL_TIMEx_MasterConfigSynchronization
                0x08010234      0x1a0 ./Drivers/STM32H5xx_HAL_Driver/Src/stm32h5xx_hal_tim_ex.o
                0x08010234                HAL_TIMEx_MasterConfigSynchronization
 .text.HAL_TIMEx_ConfigBreakDeadTime
                0x080103d4      0x134 ./Drivers/STM32H5xx_HAL_Driver/Src/stm32h5xx_hal_tim_ex.o
                0x080103d4                HAL_TIMEx_ConfigBreakDeadTime
 .text.HAL_TIMEx_CommutCallback
                0x08010508       0x14 ./Drivers/STM32H5xx_HAL_Driver/Src/stm32h5xx_hal_tim_ex.o
                0x08010508                HAL_TIMEx_CommutCallback
 .text.HAL_TIMEx_BreakCallback
                0x0801051c       0x14 ./Drivers/STM32H5xx_HAL_Driver/Src/stm32h5xx_hal_tim_ex.o
                0x0801051c                HAL_TIMEx_BreakCallback
 .text.HAL_TIMEx_Break2Callback
                0x08010530       0x14 ./Drivers/STM32H5xx_HAL_Driver/Src/stm32h5xx_hal_tim_ex.o
                0x08010530                HAL_TIMEx_Break2Callback
 .text.HAL_TIMEx_EncoderIndexCallback
                0x08010544       0x14 ./Drivers/STM32H5xx_HAL_Driver/Src/stm32h5xx_hal_tim_ex.o
                0x08010544                HAL_TIMEx_EncoderIndexCallback
 .text.HAL_TIMEx_DirectionChangeCallback
                0x08010558       0x14 ./Drivers/STM32H5xx_HAL_Driver/Src/stm32h5xx_hal_tim_ex.o
                0x08010558                HAL_TIMEx_DirectionChangeCallback
 .text.HAL_TIMEx_IndexErrorCallback
                0x0801056c       0x14 ./Drivers/STM32H5xx_HAL_Driver/Src/stm32h5xx_hal_tim_ex.o
                0x0801056c                HAL_TIMEx_IndexErrorCallback
 .text.HAL_TIMEx_TransitionErrorCallback
                0x08010580       0x14 ./Drivers/STM32H5xx_HAL_Driver/Src/stm32h5xx_hal_tim_ex.o
                0x08010580                HAL_TIMEx_TransitionErrorCallback
 .text.HAL_UART_Init
                0x08010594       0xa0 ./Drivers/STM32H5xx_HAL_Driver/Src/stm32h5xx_hal_uart.o
                0x08010594                HAL_UART_Init
 .text.HAL_UART_Transmit
                0x08010634      0x13c ./Drivers/STM32H5xx_HAL_Driver/Src/stm32h5xx_hal_uart.o
                0x08010634                HAL_UART_Transmit
 .text.HAL_UART_Transmit_IT
                0x08010770      0x148 ./Drivers/STM32H5xx_HAL_Driver/Src/stm32h5xx_hal_uart.o
                0x08010770                HAL_UART_Transmit_IT
 .text.HAL_UART_Receive_IT
                0x080108b8       0xc4 ./Drivers/STM32H5xx_HAL_Driver/Src/stm32h5xx_hal_uart.o
                0x080108b8                HAL_UART_Receive_IT
 .text.HAL_UART_IRQHandler
                0x0801097c      0x5dc ./Drivers/STM32H5xx_HAL_Driver/Src/stm32h5xx_hal_uart.o
                0x0801097c                HAL_UART_IRQHandler
 .text.HAL_UART_ErrorCallback
                0x08010f58       0x14 ./Drivers/STM32H5xx_HAL_Driver/Src/stm32h5xx_hal_uart.o
                0x08010f58                HAL_UART_ErrorCallback
 .text.HAL_UARTEx_RxEventCallback
                0x08010f6c       0x18 ./Drivers/STM32H5xx_HAL_Driver/Src/stm32h5xx_hal_uart.o
                0x08010f6c                HAL_UARTEx_RxEventCallback
 .text.UART_SetConfig
                0x08010f84      0x3dc ./Drivers/STM32H5xx_HAL_Driver/Src/stm32h5xx_hal_uart.o
                0x08010f84                UART_SetConfig
 .text.UART_AdvFeatureConfig
                0x08011360      0x144 ./Drivers/STM32H5xx_HAL_Driver/Src/stm32h5xx_hal_uart.o
                0x08011360                UART_AdvFeatureConfig
 .text.UART_CheckIdleState
                0x080114a4      0x154 ./Drivers/STM32H5xx_HAL_Driver/Src/stm32h5xx_hal_uart.o
                0x080114a4                UART_CheckIdleState
 .text.UART_WaitOnFlagUntilTimeout
                0x080115f8       0xda ./Drivers/STM32H5xx_HAL_Driver/Src/stm32h5xx_hal_uart.o
                0x080115f8                UART_WaitOnFlagUntilTimeout
 *fill*         0x080116d2        0x2 
 .text.UART_Start_Receive_IT
                0x080116d4      0x244 ./Drivers/STM32H5xx_HAL_Driver/Src/stm32h5xx_hal_uart.o
                0x080116d4                UART_Start_Receive_IT
 .text.UART_EndRxTransfer
                0x08011918       0xcc ./Drivers/STM32H5xx_HAL_Driver/Src/stm32h5xx_hal_uart.o
 .text.UART_DMAAbortOnError
                0x080119e4       0x24 ./Drivers/STM32H5xx_HAL_Driver/Src/stm32h5xx_hal_uart.o
 .text.UART_TxISR_8BIT
                0x08011a08       0xb8 ./Drivers/STM32H5xx_HAL_Driver/Src/stm32h5xx_hal_uart.o
 .text.UART_TxISR_16BIT
                0x08011ac0       0xc2 ./Drivers/STM32H5xx_HAL_Driver/Src/stm32h5xx_hal_uart.o
 .text.UART_TxISR_8BIT_FIFOEN
                0x08011b82       0xe0 ./Drivers/STM32H5xx_HAL_Driver/Src/stm32h5xx_hal_uart.o
 .text.UART_TxISR_16BIT_FIFOEN
                0x08011c62       0xea ./Drivers/STM32H5xx_HAL_Driver/Src/stm32h5xx_hal_uart.o
 .text.UART_EndTransmit_IT
                0x08011d4c       0x56 ./Drivers/STM32H5xx_HAL_Driver/Src/stm32h5xx_hal_uart.o
 *fill*         0x08011da2        0x2 
 .text.UART_RxISR_8BIT
                0x08011da4      0x1c4 ./Drivers/STM32H5xx_HAL_Driver/Src/stm32h5xx_hal_uart.o
 .text.UART_RxISR_16BIT
                0x08011f68      0x1c4 ./Drivers/STM32H5xx_HAL_Driver/Src/stm32h5xx_hal_uart.o
 .text.UART_RxISR_8BIT_FIFOEN
                0x0801212c      0x370 ./Drivers/STM32H5xx_HAL_Driver/Src/stm32h5xx_hal_uart.o
 .text.UART_RxISR_16BIT_FIFOEN
                0x0801249c      0x378 ./Drivers/STM32H5xx_HAL_Driver/Src/stm32h5xx_hal_uart.o
 .text.HAL_RS485Ex_Init
                0x08012814       0xd2 ./Drivers/STM32H5xx_HAL_Driver/Src/stm32h5xx_hal_uart_ex.o
                0x08012814                HAL_RS485Ex_Init
 .text.HAL_UARTEx_WakeupCallback
                0x080128e6       0x14 ./Drivers/STM32H5xx_HAL_Driver/Src/stm32h5xx_hal_uart_ex.o
                0x080128e6                HAL_UARTEx_WakeupCallback
 .text.HAL_UARTEx_RxFifoFullCallback
                0x080128fa       0x14 ./Drivers/STM32H5xx_HAL_Driver/Src/stm32h5xx_hal_uart_ex.o
                0x080128fa                HAL_UARTEx_RxFifoFullCallback
 .text.HAL_UARTEx_TxFifoEmptyCallback
                0x0801290e       0x14 ./Drivers/STM32H5xx_HAL_Driver/Src/stm32h5xx_hal_uart_ex.o
                0x0801290e                HAL_UARTEx_TxFifoEmptyCallback
 .text.HAL_UARTEx_DisableFifoMode
                0x08012922       0x72 ./Drivers/STM32H5xx_HAL_Driver/Src/stm32h5xx_hal_uart_ex.o
                0x08012922                HAL_UARTEx_DisableFifoMode
 .text.HAL_UARTEx_SetTxFifoThreshold
                0x08012994       0x7c ./Drivers/STM32H5xx_HAL_Driver/Src/stm32h5xx_hal_uart_ex.o
                0x08012994                HAL_UARTEx_SetTxFifoThreshold
 .text.HAL_UARTEx_SetRxFifoThreshold
                0x08012a10       0x7c ./Drivers/STM32H5xx_HAL_Driver/Src/stm32h5xx_hal_uart_ex.o
                0x08012a10                HAL_UARTEx_SetRxFifoThreshold
 .text.UARTEx_SetNbDataToProcess
                0x08012a8c       0x9c ./Drivers/STM32H5xx_HAL_Driver/Src/stm32h5xx_hal_uart_ex.o
 .text.__NVIC_SetPriority
                0x08012b28       0x54 ./Middlewares/Third_Party/FreeRTOS/Source/CMSIS_RTOS_V2/cmsis_os2.o
 .text.SysTick_Handler
                0x08012b7c       0x20 ./Middlewares/Third_Party/FreeRTOS/Source/CMSIS_RTOS_V2/cmsis_os2.o
                0x08012b7c                SysTick_Handler
 .text.SVC_Setup
                0x08012b9c       0x12 ./Middlewares/Third_Party/FreeRTOS/Source/CMSIS_RTOS_V2/cmsis_os2.o
 .text.IRQ_Context
                0x08012bae       0x4e ./Middlewares/Third_Party/FreeRTOS/Source/CMSIS_RTOS_V2/cmsis_os2.o
 .text.osKernelInitialize
                0x08012bfc       0x4c ./Middlewares/Third_Party/FreeRTOS/Source/CMSIS_RTOS_V2/cmsis_os2.o
                0x08012bfc                osKernelInitialize
 .text.osKernelStart
                0x08012c48       0x54 ./Middlewares/Third_Party/FreeRTOS/Source/CMSIS_RTOS_V2/cmsis_os2.o
                0x08012c48                osKernelStart
 .text.osKernelGetTickCount
                0x08012c9c       0x28 ./Middlewares/Third_Party/FreeRTOS/Source/CMSIS_RTOS_V2/cmsis_os2.o
                0x08012c9c                osKernelGetTickCount
 .text.osThreadNew
                0x08012cc4      0x122 ./Middlewares/Third_Party/FreeRTOS/Source/CMSIS_RTOS_V2/cmsis_os2.o
                0x08012cc4                osThreadNew
 .text.osDelay  0x08012de6       0x34 ./Middlewares/Third_Party/FreeRTOS/Source/CMSIS_RTOS_V2/cmsis_os2.o
                0x08012de6                osDelay
 *fill*         0x08012e1a        0x2 
 .text.vApplicationGetIdleTaskMemory
                0x08012e1c       0x34 ./Middlewares/Third_Party/FreeRTOS/Source/CMSIS_RTOS_V2/cmsis_os2.o
                0x08012e1c                vApplicationGetIdleTaskMemory
 .text.vApplicationGetTimerTaskMemory
                0x08012e50       0x34 ./Middlewares/Third_Party/FreeRTOS/Source/CMSIS_RTOS_V2/cmsis_os2.o
                0x08012e50                vApplicationGetTimerTaskMemory
 .text.vListInitialise
                0x08012e84       0x40 ./Middlewares/Third_Party/FreeRTOS/Source/list.o
                0x08012e84                vListInitialise
 .text.vListInitialiseItem
                0x08012ec4       0x1a ./Middlewares/Third_Party/FreeRTOS/Source/list.o
                0x08012ec4                vListInitialiseItem
 .text.vListInsertEnd
                0x08012ede       0x48 ./Middlewares/Third_Party/FreeRTOS/Source/list.o
                0x08012ede                vListInsertEnd
 .text.vListInsert
                0x08012f26       0x72 ./Middlewares/Third_Party/FreeRTOS/Source/list.o
                0x08012f26                vListInsert
 .text.uxListRemove
                0x08012f98       0x54 ./Middlewares/Third_Party/FreeRTOS/Source/list.o
                0x08012f98                uxListRemove
 .text.xQueueGenericReset
                0x08012fec       0xf2 ./Middlewares/Third_Party/FreeRTOS/Source/queue.o
                0x08012fec                xQueueGenericReset
 .text.xQueueGenericCreateStatic
                0x080130de       0x92 ./Middlewares/Third_Party/FreeRTOS/Source/queue.o
                0x080130de                xQueueGenericCreateStatic
 .text.xQueueGenericCreate
                0x08013170       0x96 ./Middlewares/Third_Party/FreeRTOS/Source/queue.o
                0x08013170                xQueueGenericCreate
 .text.prvInitialiseNewQueue
                0x08013206       0x46 ./Middlewares/Third_Party/FreeRTOS/Source/queue.o
 .text.xQueueGenericSendFromISR
                0x0801324c      0x10c ./Middlewares/Third_Party/FreeRTOS/Source/queue.o
                0x0801324c                xQueueGenericSendFromISR
 .text.xQueueReceive
                0x08013358      0x178 ./Middlewares/Third_Party/FreeRTOS/Source/queue.o
                0x08013358                xQueueReceive
 .text.uxQueueSpacesAvailable
                0x080134d0       0x38 ./Middlewares/Third_Party/FreeRTOS/Source/queue.o
                0x080134d0                uxQueueSpacesAvailable
 .text.prvCopyDataToQueue
                0x08013508       0xd4 ./Middlewares/Third_Party/FreeRTOS/Source/queue.o
 .text.prvCopyDataFromQueue
                0x080135dc       0x4c ./Middlewares/Third_Party/FreeRTOS/Source/queue.o
 .text.prvUnlockQueue
                0x08013628       0xa4 ./Middlewares/Third_Party/FreeRTOS/Source/queue.o
 .text.prvIsQueueEmpty
                0x080136cc       0x2c ./Middlewares/Third_Party/FreeRTOS/Source/queue.o
 .text.vQueueAddToRegistry
                0x080136f8       0x8c ./Middlewares/Third_Party/FreeRTOS/Source/queue.o
                0x080136f8                vQueueAddToRegistry
 .text.vQueueWaitForMessageRestricted
                0x08013784       0x68 ./Middlewares/Third_Party/FreeRTOS/Source/queue.o
                0x08013784                vQueueWaitForMessageRestricted
 .text.xTaskCreateStatic
                0x080137ec       0x9a ./Middlewares/Third_Party/FreeRTOS/Source/tasks.o
                0x080137ec                xTaskCreateStatic
 .text.xTaskCreate
                0x08013886       0x94 ./Middlewares/Third_Party/FreeRTOS/Source/tasks.o
                0x08013886                xTaskCreate
 .text.prvInitialiseNewTask
                0x0801391a      0x104 ./Middlewares/Third_Party/FreeRTOS/Source/tasks.o
 *fill*         0x08013a1e        0x2 
 .text.prvAddNewTaskToReadyList
                0x08013a20      0x120 ./Middlewares/Third_Party/FreeRTOS/Source/tasks.o
 .text.xTaskDelayUntil
                0x08013b40       0xc4 ./Middlewares/Third_Party/FreeRTOS/Source/tasks.o
                0x08013b40                xTaskDelayUntil
 .text.vTaskDelay
                0x08013c04       0x4c ./Middlewares/Third_Party/FreeRTOS/Source/tasks.o
                0x08013c04                vTaskDelay
 .text.eTaskGetState
                0x08013c50      0x100 ./Middlewares/Third_Party/FreeRTOS/Source/tasks.o
                0x08013c50                eTaskGetState
 .text.vTaskSuspend
                0x08013d50       0xe8 ./Middlewares/Third_Party/FreeRTOS/Source/tasks.o
                0x08013d50                vTaskSuspend
 .text.prvTaskIsTaskSuspended
                0x08013e38       0x50 ./Middlewares/Third_Party/FreeRTOS/Source/tasks.o
 .text.vTaskResume
                0x08013e88       0xf0 ./Middlewares/Third_Party/FreeRTOS/Source/tasks.o
                0x08013e88                vTaskResume
 .text.vTaskStartScheduler
                0x08013f78       0xbc ./Middlewares/Third_Party/FreeRTOS/Source/tasks.o
                0x08013f78                vTaskStartScheduler
 .text.vTaskSuspendAll
                0x08014034       0x1c ./Middlewares/Third_Party/FreeRTOS/Source/tasks.o
                0x08014034                vTaskSuspendAll
 .text.xTaskResumeAll
                0x08014050      0x1dc ./Middlewares/Third_Party/FreeRTOS/Source/tasks.o
                0x08014050                xTaskResumeAll
 .text.xTaskGetTickCount
                0x0801422c       0x20 ./Middlewares/Third_Party/FreeRTOS/Source/tasks.o
                0x0801422c                xTaskGetTickCount
 .text.xTaskGetTickCountFromISR
                0x0801424c       0x24 ./Middlewares/Third_Party/FreeRTOS/Source/tasks.o
                0x0801424c                xTaskGetTickCountFromISR
 .text.uxTaskGetNumberOfTasks
                0x08014270       0x18 ./Middlewares/Third_Party/FreeRTOS/Source/tasks.o
                0x08014270                uxTaskGetNumberOfTasks
 .text.uxTaskGetSystemState
                0x08014288      0x120 ./Middlewares/Third_Party/FreeRTOS/Source/tasks.o
                0x08014288                uxTaskGetSystemState
 .text.xTaskIncrementTick
                0x080143a8      0x220 ./Middlewares/Third_Party/FreeRTOS/Source/tasks.o
                0x080143a8                xTaskIncrementTick
 .text.vTaskSwitchContext
                0x080145c8       0xe4 ./Middlewares/Third_Party/FreeRTOS/Source/tasks.o
                0x080145c8                vTaskSwitchContext
 .text.vTaskPlaceOnEventList
                0x080146ac       0x3c ./Middlewares/Third_Party/FreeRTOS/Source/tasks.o
                0x080146ac                vTaskPlaceOnEventList
 .text.vTaskPlaceOnEventListRestricted
                0x080146e8       0x7c ./Middlewares/Third_Party/FreeRTOS/Source/tasks.o
                0x080146e8                vTaskPlaceOnEventListRestricted
 .text.xTaskRemoveFromEventList
                0x08014764      0x19c ./Middlewares/Third_Party/FreeRTOS/Source/tasks.o
                0x08014764                xTaskRemoveFromEventList
 .text.vTaskInternalSetTimeOutState
                0x08014900       0x2c ./Middlewares/Third_Party/FreeRTOS/Source/tasks.o
                0x08014900                vTaskInternalSetTimeOutState
 .text.xTaskCheckForTimeOut
                0x0801492c       0xb0 ./Middlewares/Third_Party/FreeRTOS/Source/tasks.o
                0x0801492c                xTaskCheckForTimeOut
 .text.vTaskMissedYield
                0x080149dc       0x18 ./Middlewares/Third_Party/FreeRTOS/Source/tasks.o
                0x080149dc                vTaskMissedYield
 .text.prvIdleTask
                0x080149f4       0x20 ./Middlewares/Third_Party/FreeRTOS/Source/tasks.o
 .text.prvInitialiseTaskLists
                0x08014a14       0x80 ./Middlewares/Third_Party/FreeRTOS/Source/tasks.o
 .text.prvCheckTasksWaitingTermination
                0x08014a94       0x5c ./Middlewares/Third_Party/FreeRTOS/Source/tasks.o
 .text.vTaskGetInfo
                0x08014af0       0xe8 ./Middlewares/Third_Party/FreeRTOS/Source/tasks.o
                0x08014af0                vTaskGetInfo
 .text.prvListTasksWithinSingleList
                0x08014bd8       0xa0 ./Middlewares/Third_Party/FreeRTOS/Source/tasks.o
 .text.prvTaskCheckFreeStackSpace
                0x08014c78       0x38 ./Middlewares/Third_Party/FreeRTOS/Source/tasks.o
 .text.prvDeleteTCB
                0x08014cb0       0x50 ./Middlewares/Third_Party/FreeRTOS/Source/tasks.o
 .text.prvResetNextTaskUnblockTime
                0x08014d00       0x38 ./Middlewares/Third_Party/FreeRTOS/Source/tasks.o
 .text.xTaskGetCurrentTaskHandle
                0x08014d38       0x20 ./Middlewares/Third_Party/FreeRTOS/Source/tasks.o
                0x08014d38                xTaskGetCurrentTaskHandle
 .text.xTaskGetSchedulerState
                0x08014d58       0x3c ./Middlewares/Third_Party/FreeRTOS/Source/tasks.o
                0x08014d58                xTaskGetSchedulerState
 .text.xTaskPriorityDisinherit
                0x08014d94      0x110 ./Middlewares/Third_Party/FreeRTOS/Source/tasks.o
                0x08014d94                xTaskPriorityDisinherit
 .text.ulTaskGenericNotifyTake
                0x08014ea4       0xb0 ./Middlewares/Third_Party/FreeRTOS/Source/tasks.o
                0x08014ea4                ulTaskGenericNotifyTake
 .text.vTaskGenericNotifyGiveFromISR
                0x08014f54      0x1c4 ./Middlewares/Third_Party/FreeRTOS/Source/tasks.o
                0x08014f54                vTaskGenericNotifyGiveFromISR
 .text.prvAddCurrentTaskToDelayedList
                0x08015118       0xdc ./Middlewares/Third_Party/FreeRTOS/Source/tasks.o
 .text.xTimerCreateTimerTask
                0x080151f4       0x80 ./Middlewares/Third_Party/FreeRTOS/Source/timers.o
                0x080151f4                xTimerCreateTimerTask
 .text.prvReloadTimer
                0x08015274       0x42 ./Middlewares/Third_Party/FreeRTOS/Source/timers.o
 *fill*         0x080152b6        0x2 
 .text.prvProcessExpiredTimer
                0x080152b8       0x60 ./Middlewares/Third_Party/FreeRTOS/Source/timers.o
 .text.prvTimerTask
                0x08015318       0x26 ./Middlewares/Third_Party/FreeRTOS/Source/timers.o
 *fill*         0x0801533e        0x2 
 .text.prvProcessTimerOrBlockTask
                0x08015340       0x8c ./Middlewares/Third_Party/FreeRTOS/Source/timers.o
 .text.prvGetNextExpireTime
                0x080153cc       0x48 ./Middlewares/Third_Party/FreeRTOS/Source/timers.o
 .text.prvSampleTimeNow
                0x08015414       0x40 ./Middlewares/Third_Party/FreeRTOS/Source/timers.o
 .text.prvInsertTimerInActiveList
                0x08015454       0x84 ./Middlewares/Third_Party/FreeRTOS/Source/timers.o
 .text.prvProcessReceivedCommands
                0x080154d8      0x19c ./Middlewares/Third_Party/FreeRTOS/Source/timers.o
 .text.prvSwitchTimerLists
                0x08015674       0x4c ./Middlewares/Third_Party/FreeRTOS/Source/timers.o
 .text.prvCheckForValidListAndQueue
                0x080156c0       0x80 ./Middlewares/Third_Party/FreeRTOS/Source/timers.o
 .text.vPortSetupTimerInterrupt
                0x08015740       0x48 ./Middlewares/Third_Party/FreeRTOS/Source/portable/GCC/ARM_CM33_NTZ/non_secure/port.o
                0x08015740                vPortSetupTimerInterrupt
 .text.prvTaskExitError
                0x08015788       0x38 ./Middlewares/Third_Party/FreeRTOS/Source/portable/GCC/ARM_CM33_NTZ/non_secure/port.o
 .text.prvSetupFPU
                0x080157c0       0x30 ./Middlewares/Third_Party/FreeRTOS/Source/portable/GCC/ARM_CM33_NTZ/non_secure/port.o
 .text.vPortYield
                0x080157f0       0x24 ./Middlewares/Third_Party/FreeRTOS/Source/portable/GCC/ARM_CM33_NTZ/non_secure/port.o
                0x080157f0                vPortYield
 .text.vPortEnterCritical
                0x08015814       0x24 ./Middlewares/Third_Party/FreeRTOS/Source/portable/GCC/ARM_CM33_NTZ/non_secure/port.o
                0x08015814                vPortEnterCritical
 .text.vPortExitCritical
                0x08015838       0x34 ./Middlewares/Third_Party/FreeRTOS/Source/portable/GCC/ARM_CM33_NTZ/non_secure/port.o
                0x08015838                vPortExitCritical
 .text.xPortSysTickHandler
                0x0801586c       0x30 ./Middlewares/Third_Party/FreeRTOS/Source/portable/GCC/ARM_CM33_NTZ/non_secure/port.o
                0x0801586c                xPortSysTickHandler
 .text.vPortSVCHandler_C
                0x0801589c       0x36 ./Middlewares/Third_Party/FreeRTOS/Source/portable/GCC/ARM_CM33_NTZ/non_secure/port.o
                0x0801589c                vPortSVCHandler_C
 *fill*         0x080158d2        0x2 
 .text.pxPortInitialiseStack
                0x080158d4      0x114 ./Middlewares/Third_Party/FreeRTOS/Source/portable/GCC/ARM_CM33_NTZ/non_secure/port.o
                0x080158d4                pxPortInitialiseStack
 .text.xPortStartScheduler
                0x080159e8       0xf4 ./Middlewares/Third_Party/FreeRTOS/Source/portable/GCC/ARM_CM33_NTZ/non_secure/port.o
                0x080159e8                xPortStartScheduler
 .text.vPortValidateInterruptPriority
                0x08015adc       0x60 ./Middlewares/Third_Party/FreeRTOS/Source/portable/GCC/ARM_CM33_NTZ/non_secure/port.o
                0x08015adc                vPortValidateInterruptPriority
 *fill*         0x08015b3c        0x4 
 .text.vRestoreContextOfFirstTask
                0x08015b40       0x38 ./Middlewares/Third_Party/FreeRTOS/Source/portable/GCC/ARM_CM33_NTZ/non_secure/portasm.o
                0x08015b40                vRestoreContextOfFirstTask
 *fill*         0x08015b78        0x8 
 .text.vStartFirstTask
                0x08015b80       0x28 ./Middlewares/Third_Party/FreeRTOS/Source/portable/GCC/ARM_CM33_NTZ/non_secure/portasm.o
                0x08015b80                vStartFirstTask
 .text.ulSetInterruptMask
                0x08015ba8       0x1a ./Middlewares/Third_Party/FreeRTOS/Source/portable/GCC/ARM_CM33_NTZ/non_secure/portasm.o
                0x08015ba8                ulSetInterruptMask
 .text.vClearInterruptMask
                0x08015bc2       0x10 ./Middlewares/Third_Party/FreeRTOS/Source/portable/GCC/ARM_CM33_NTZ/non_secure/portasm.o
                0x08015bc2                vClearInterruptMask
 *fill*         0x08015bd2        0xe 
 .text.PendSV_Handler
                0x08015be0       0x68 ./Middlewares/Third_Party/FreeRTOS/Source/portable/GCC/ARM_CM33_NTZ/non_secure/portasm.o
                0x08015be0                PendSV_Handler
 *fill*         0x08015c48        0x8 
 .text.SVC_Handler
                0x08015c50       0x28 ./Middlewares/Third_Party/FreeRTOS/Source/portable/GCC/ARM_CM33_NTZ/non_secure/portasm.o
                0x08015c50                SVC_Handler
 .text.pvPortMalloc
                0x08015c78      0x178 ./Middlewares/Third_Party/FreeRTOS/Source/portable/MemMang/heap_4.o
                0x08015c78                pvPortMalloc
 .text.vPortFree
                0x08015df0       0x94 ./Middlewares/Third_Party/FreeRTOS/Source/portable/MemMang/heap_4.o
                0x08015df0                vPortFree
 .text.xPortGetFreeHeapSize
                0x08015e84       0x18 ./Middlewares/Third_Party/FreeRTOS/Source/portable/MemMang/heap_4.o
                0x08015e84                xPortGetFreeHeapSize
 .text.xPortGetMinimumEverFreeHeapSize
                0x08015e9c       0x18 ./Middlewares/Third_Party/FreeRTOS/Source/portable/MemMang/heap_4.o
                0x08015e9c                xPortGetMinimumEverFreeHeapSize
 .text.prvHeapInit
                0x08015eb4       0xb8 ./Middlewares/Third_Party/FreeRTOS/Source/portable/MemMang/heap_4.o
 .text.prvInsertBlockIntoFreeList
                0x08015f6c       0xb4 ./Middlewares/Third_Party/FreeRTOS/Source/portable/MemMang/heap_4.o
 .text.atoi     0x08016020        0x8 C:/ST/STM32CubeIDE_1.19.0/STM32CubeIDE/plugins/com.st.stm32cube.ide.mcu.externaltools.gnu-tools-for-stm32.13.3.rel1.win32_1.0.0.202411081344/tools/bin/../lib/gcc/arm-none-eabi/13.3.1/../../../../arm-none-eabi/lib/thumb/v8-m.main+fp/hard\libc_nano.a(libc_a-atoi.o)
                0x08016020                atoi
 .text._strtol_l.isra.0
                0x08016028       0xf4 C:/ST/STM32CubeIDE_1.19.0/STM32CubeIDE/plugins/com.st.stm32cube.ide.mcu.externaltools.gnu-tools-for-stm32.13.3.rel1.win32_1.0.0.202411081344/tools/bin/../lib/gcc/arm-none-eabi/13.3.1/../../../../arm-none-eabi/lib/thumb/v8-m.main+fp/hard\libc_nano.a(libc_a-strtol.o)
 .text.strtol   0x0801611c       0x14 C:/ST/STM32CubeIDE_1.19.0/STM32CubeIDE/plugins/com.st.stm32cube.ide.mcu.externaltools.gnu-tools-for-stm32.13.3.rel1.win32_1.0.0.202411081344/tools/bin/../lib/gcc/arm-none-eabi/13.3.1/../../../../arm-none-eabi/lib/thumb/v8-m.main+fp/hard\libc_nano.a(libc_a-strtol.o)
                0x0801611c                strtol
 .text.snprintf
                0x08016130       0x6c C:/ST/STM32CubeIDE_1.19.0/STM32CubeIDE/plugins/com.st.stm32cube.ide.mcu.externaltools.gnu-tools-for-stm32.13.3.rel1.win32_1.0.0.202411081344/tools/bin/../lib/gcc/arm-none-eabi/13.3.1/../../../../arm-none-eabi/lib/thumb/v8-m.main+fp/hard\libc_nano.a(libc_a-snprintf.o)
                0x08016130                sniprintf
                0x08016130                snprintf
 .text.memset   0x0801619c       0x10 C:/ST/STM32CubeIDE_1.19.0/STM32CubeIDE/plugins/com.st.stm32cube.ide.mcu.externaltools.gnu-tools-for-stm32.13.3.rel1.win32_1.0.0.202411081344/tools/bin/../lib/gcc/arm-none-eabi/13.3.1/../../../../arm-none-eabi/lib/thumb/v8-m.main+fp/hard\libc_nano.a(libc_a-memset.o)
                0x0801619c                memset
 .text.strncmp  0x080161ac       0x24 C:/ST/STM32CubeIDE_1.19.0/STM32CubeIDE/plugins/com.st.stm32cube.ide.mcu.externaltools.gnu-tools-for-stm32.13.3.rel1.win32_1.0.0.202411081344/tools/bin/../lib/gcc/arm-none-eabi/13.3.1/../../../../arm-none-eabi/lib/thumb/v8-m.main+fp/hard\libc_nano.a(libc_a-strncmp.o)
                0x080161ac                strncmp
 .text.strstr   0x080161d0       0x2c C:/ST/STM32CubeIDE_1.19.0/STM32CubeIDE/plugins/com.st.stm32cube.ide.mcu.externaltools.gnu-tools-for-stm32.13.3.rel1.win32_1.0.0.202411081344/tools/bin/../lib/gcc/arm-none-eabi/13.3.1/../../../../arm-none-eabi/lib/thumb/v8-m.main+fp/hard\libc_nano.a(libc_a-strstr.o)
                0x080161d0                strstr
 .text.__errno  0x080161fc        0xc C:/ST/STM32CubeIDE_1.19.0/STM32CubeIDE/plugins/com.st.stm32cube.ide.mcu.externaltools.gnu-tools-for-stm32.13.3.rel1.win32_1.0.0.202411081344/tools/bin/../lib/gcc/arm-none-eabi/13.3.1/../../../../arm-none-eabi/lib/thumb/v8-m.main+fp/hard\libc_nano.a(libc_a-errno.o)
                0x080161fc                __errno
 .text.__libc_init_array
                0x08016208       0x48 C:/ST/STM32CubeIDE_1.19.0/STM32CubeIDE/plugins/com.st.stm32cube.ide.mcu.externaltools.gnu-tools-for-stm32.13.3.rel1.win32_1.0.0.202411081344/tools/bin/../lib/gcc/arm-none-eabi/13.3.1/../../../../arm-none-eabi/lib/thumb/v8-m.main+fp/hard\libc_nano.a(libc_a-init.o)
                0x08016208                __libc_init_array
 .text.__retarget_lock_acquire_recursive
                0x08016250        0x2 C:/ST/STM32CubeIDE_1.19.0/STM32CubeIDE/plugins/com.st.stm32cube.ide.mcu.externaltools.gnu-tools-for-stm32.13.3.rel1.win32_1.0.0.202411081344/tools/bin/../lib/gcc/arm-none-eabi/13.3.1/../../../../arm-none-eabi/lib/thumb/v8-m.main+fp/hard\libc_nano.a(libc_a-lock.o)
                0x08016250                __retarget_lock_acquire_recursive
 .text.__retarget_lock_release_recursive
                0x08016252        0x2 C:/ST/STM32CubeIDE_1.19.0/STM32CubeIDE/plugins/com.st.stm32cube.ide.mcu.externaltools.gnu-tools-for-stm32.13.3.rel1.win32_1.0.0.202411081344/tools/bin/../lib/gcc/arm-none-eabi/13.3.1/../../../../arm-none-eabi/lib/thumb/v8-m.main+fp/hard\libc_nano.a(libc_a-lock.o)
                0x08016252                __retarget_lock_release_recursive
 .text.memcpy   0x08016254       0x1a C:/ST/STM32CubeIDE_1.19.0/STM32CubeIDE/plugins/com.st.stm32cube.ide.mcu.externaltools.gnu-tools-for-stm32.13.3.rel1.win32_1.0.0.202411081344/tools/bin/../lib/gcc/arm-none-eabi/13.3.1/../../../../arm-none-eabi/lib/thumb/v8-m.main+fp/hard\libc_nano.a(libc_a-memcpy-stub.o)
                0x08016254                memcpy
 *fill*         0x0801626e        0x2 
 .text._free_r  0x08016270       0x94 C:/ST/STM32CubeIDE_1.19.0/STM32CubeIDE/plugins/com.st.stm32cube.ide.mcu.externaltools.gnu-tools-for-stm32.13.3.rel1.win32_1.0.0.202411081344/tools/bin/../lib/gcc/arm-none-eabi/13.3.1/../../../../arm-none-eabi/lib/thumb/v8-m.main+fp/hard\libc_nano.a(libc_a-freer.o)
                0x08016270                _free_r
 .text.sbrk_aligned
                0x08016304       0x44 C:/ST/STM32CubeIDE_1.19.0/STM32CubeIDE/plugins/com.st.stm32cube.ide.mcu.externaltools.gnu-tools-for-stm32.13.3.rel1.win32_1.0.0.202411081344/tools/bin/../lib/gcc/arm-none-eabi/13.3.1/../../../../arm-none-eabi/lib/thumb/v8-m.main+fp/hard\libc_nano.a(libc_a-mallocr.o)
 .text._malloc_r
                0x08016348      0x100 C:/ST/STM32CubeIDE_1.19.0/STM32CubeIDE/plugins/com.st.stm32cube.ide.mcu.externaltools.gnu-tools-for-stm32.13.3.rel1.win32_1.0.0.202411081344/tools/bin/../lib/gcc/arm-none-eabi/13.3.1/../../../../arm-none-eabi/lib/thumb/v8-m.main+fp/hard\libc_nano.a(libc_a-mallocr.o)
                0x08016348                _malloc_r
 .text.__malloc_lock
                0x08016448        0xc C:/ST/STM32CubeIDE_1.19.0/STM32CubeIDE/plugins/com.st.stm32cube.ide.mcu.externaltools.gnu-tools-for-stm32.13.3.rel1.win32_1.0.0.202411081344/tools/bin/../lib/gcc/arm-none-eabi/13.3.1/../../../../arm-none-eabi/lib/thumb/v8-m.main+fp/hard\libc_nano.a(libc_a-mlock.o)
                0x08016448                __malloc_lock
 .text.__malloc_unlock
                0x08016454        0xc C:/ST/STM32CubeIDE_1.19.0/STM32CubeIDE/plugins/com.st.stm32cube.ide.mcu.externaltools.gnu-tools-for-stm32.13.3.rel1.win32_1.0.0.202411081344/tools/bin/../lib/gcc/arm-none-eabi/13.3.1/../../../../arm-none-eabi/lib/thumb/v8-m.main+fp/hard\libc_nano.a(libc_a-mlock.o)
                0x08016454                __malloc_unlock
 .text.__ssputs_r
                0x08016460       0xb6 C:/ST/STM32CubeIDE_1.19.0/STM32CubeIDE/plugins/com.st.stm32cube.ide.mcu.externaltools.gnu-tools-for-stm32.13.3.rel1.win32_1.0.0.202411081344/tools/bin/../lib/gcc/arm-none-eabi/13.3.1/../../../../arm-none-eabi/lib/thumb/v8-m.main+fp/hard\libc_nano.a(libc_a-nano-svfprintf.o)
                0x08016460                __ssputs_r
 *fill*         0x08016516        0x2 
 .text._svfprintf_r
                0x08016518      0x1f8 C:/ST/STM32CubeIDE_1.19.0/STM32CubeIDE/plugins/com.st.stm32cube.ide.mcu.externaltools.gnu-tools-for-stm32.13.3.rel1.win32_1.0.0.202411081344/tools/bin/../lib/gcc/arm-none-eabi/13.3.1/../../../../arm-none-eabi/lib/thumb/v8-m.main+fp/hard\libc_nano.a(libc_a-nano-svfprintf.o)
                0x08016518                _svfiprintf_r
                0x08016518                _svfprintf_r
 .text._printf_common
                0x08016710       0xe4 C:/ST/STM32CubeIDE_1.19.0/STM32CubeIDE/plugins/com.st.stm32cube.ide.mcu.externaltools.gnu-tools-for-stm32.13.3.rel1.win32_1.0.0.202411081344/tools/bin/../lib/gcc/arm-none-eabi/13.3.1/../../../../arm-none-eabi/lib/thumb/v8-m.main+fp/hard\libc_nano.a(libc_a-nano-vfprintf_i.o)
                0x08016710                _printf_common
 .text._printf_i
                0x080167f4      0x23c C:/ST/STM32CubeIDE_1.19.0/STM32CubeIDE/plugins/com.st.stm32cube.ide.mcu.externaltools.gnu-tools-for-stm32.13.3.rel1.win32_1.0.0.202411081344/tools/bin/../lib/gcc/arm-none-eabi/13.3.1/../../../../arm-none-eabi/lib/thumb/v8-m.main+fp/hard\libc_nano.a(libc_a-nano-vfprintf_i.o)
                0x080167f4                _printf_i
 .text.memmove  0x08016a30       0x34 C:/ST/STM32CubeIDE_1.19.0/STM32CubeIDE/plugins/com.st.stm32cube.ide.mcu.externaltools.gnu-tools-for-stm32.13.3.rel1.win32_1.0.0.202411081344/tools/bin/../lib/gcc/arm-none-eabi/13.3.1/../../../../arm-none-eabi/lib/thumb/v8-m.main+fp/hard\libc_nano.a(libc_a-memmove.o)
                0x08016a30                memmove
 .text._sbrk_r  0x08016a64       0x20 C:/ST/STM32CubeIDE_1.19.0/STM32CubeIDE/plugins/com.st.stm32cube.ide.mcu.externaltools.gnu-tools-for-stm32.13.3.rel1.win32_1.0.0.202411081344/tools/bin/../lib/gcc/arm-none-eabi/13.3.1/../../../../arm-none-eabi/lib/thumb/v8-m.main+fp/hard\libc_nano.a(libc_a-sbrkr.o)
                0x08016a64                _sbrk_r
 .text.memchr   0x08016a84       0x1c C:/ST/STM32CubeIDE_1.19.0/STM32CubeIDE/plugins/com.st.stm32cube.ide.mcu.externaltools.gnu-tools-for-stm32.13.3.rel1.win32_1.0.0.202411081344/tools/bin/../lib/gcc/arm-none-eabi/13.3.1/../../../../arm-none-eabi/lib/thumb/v8-m.main+fp/hard\libc_nano.a(libc_a-memchr-stub.o)
                0x08016a84                memchr
 .text._realloc_r
                0x08016aa0       0x5c C:/ST/STM32CubeIDE_1.19.0/STM32CubeIDE/plugins/com.st.stm32cube.ide.mcu.externaltools.gnu-tools-for-stm32.13.3.rel1.win32_1.0.0.202411081344/tools/bin/../lib/gcc/arm-none-eabi/13.3.1/../../../../arm-none-eabi/lib/thumb/v8-m.main+fp/hard\libc_nano.a(libc_a-reallocr.o)
                0x08016aa0                _realloc_r
 .text._malloc_usable_size_r
                0x08016afc       0x10 C:/ST/STM32CubeIDE_1.19.0/STM32CubeIDE/plugins/com.st.stm32cube.ide.mcu.externaltools.gnu-tools-for-stm32.13.3.rel1.win32_1.0.0.202411081344/tools/bin/../lib/gcc/arm-none-eabi/13.3.1/../../../../arm-none-eabi/lib/thumb/v8-m.main+fp/hard\libc_nano.a(libc_a-msizer.o)
                0x08016afc                _malloc_usable_size_r
 *(.glue_7)
 .glue_7        0x08016b0c        0x0 linker stubs
 *(.glue_7t)
 .glue_7t       0x08016b0c        0x0 linker stubs
 *(.eh_frame)
 .eh_frame      0x08016b0c        0x0 C:/ST/STM32CubeIDE_1.19.0/STM32CubeIDE/plugins/com.st.stm32cube.ide.mcu.externaltools.gnu-tools-for-stm32.13.3.rel1.win32_1.0.0.202411081344/tools/bin/../lib/gcc/arm-none-eabi/13.3.1/thumb/v8-m.main+fp/hard/crtbegin.o
 *(.init)
 .init          0x08016b0c        0x4 C:/ST/STM32CubeIDE_1.19.0/STM32CubeIDE/plugins/com.st.stm32cube.ide.mcu.externaltools.gnu-tools-for-stm32.13.3.rel1.win32_1.0.0.202411081344/tools/bin/../lib/gcc/arm-none-eabi/13.3.1/thumb/v8-m.main+fp/hard/crti.o
                0x08016b0c                _init
 .init          0x08016b10        0x8 C:/ST/STM32CubeIDE_1.19.0/STM32CubeIDE/plugins/com.st.stm32cube.ide.mcu.externaltools.gnu-tools-for-stm32.13.3.rel1.win32_1.0.0.202411081344/tools/bin/../lib/gcc/arm-none-eabi/13.3.1/thumb/v8-m.main+fp/hard/crtn.o
 *(.fini)
 .fini          0x08016b18        0x4 C:/ST/STM32CubeIDE_1.19.0/STM32CubeIDE/plugins/com.st.stm32cube.ide.mcu.externaltools.gnu-tools-for-stm32.13.3.rel1.win32_1.0.0.202411081344/tools/bin/../lib/gcc/arm-none-eabi/13.3.1/thumb/v8-m.main+fp/hard/crti.o
                0x08016b18                _fini
 .fini          0x08016b1c        0x8 C:/ST/STM32CubeIDE_1.19.0/STM32CubeIDE/plugins/com.st.stm32cube.ide.mcu.externaltools.gnu-tools-for-stm32.13.3.rel1.win32_1.0.0.202411081344/tools/bin/../lib/gcc/arm-none-eabi/13.3.1/thumb/v8-m.main+fp/hard/crtn.o
                0x08016b24                        . = ALIGN (0x4)
                0x08016b24                        _etext = .

.vfp11_veneer   0x08016b24        0x0
 .vfp11_veneer  0x08016b24        0x0 linker stubs

.v4_bx          0x08016b24        0x0
 .v4_bx         0x08016b24        0x0 linker stubs

.iplt           0x08016b24        0x0
 .iplt          0x08016b24        0x0 C:/ST/STM32CubeIDE_1.19.0/STM32CubeIDE/plugins/com.st.stm32cube.ide.mcu.externaltools.gnu-tools-for-stm32.13.3.rel1.win32_1.0.0.202411081344/tools/bin/../lib/gcc/arm-none-eabi/13.3.1/thumb/v8-m.main+fp/hard/crtbegin.o

.rodata         0x08016b24      0xd04
                0x08016b24                        . = ALIGN (0x4)
 *(.rodata)
 .rodata        0x08016b24        0x4 ./Core/Src/ads7041.o
 .rodata        0x08016b28       0x22 ./Core/Src/adxl345.o
 *fill*         0x08016b4a        0x2 
 .rodata        0x08016b4c       0x74 ./Core/Src/app_freertos.o
 .rodata        0x08016bc0       0x98 ./Core/Src/my_tasks.o
 .rodata        0x08016c58      0x8f5 ./Core/Src/uart_cmd.o
 *fill*         0x0801754d        0x3 
 .rodata        0x08017550       0x30 ./Middlewares/Third_Party/FreeRTOS/Source/tasks.o
 .rodata        0x08017580        0xd ./Middlewares/Third_Party/FreeRTOS/Source/timers.o
 *(.rodata*)
 *fill*         0x0801758d        0x3 
 .rodata.led_attr
                0x08017590       0x24 ./Core/Src/app_freertos.o
                0x08017590                led_attr
 .rodata.mon_attr
                0x080175b4       0x24 ./Core/Src/app_freertos.o
 .rodata.ads7041TaskAttr
                0x080175d8       0x24 ./Core/Src/app_freertos.o
 .rodata.adxl345TaskAttr
                0x080175fc       0x24 ./Core/Src/app_freertos.o
 .rodata.ads8325_attr
                0x08017620       0x24 ./Core/Src/app_freertos.o
                0x08017620                ads8325_attr
 .rodata.hp_attr
                0x08017644       0x24 ./Core/Src/app_freertos.o
 .rodata.ads8325AcqTask_attr
                0x08017668       0x24 ./Core/Src/app_freertos.o
                0x08017668                ads8325AcqTask_attr
 .rodata.defaultTask_attributes
                0x0801768c       0x24 ./Core/Src/app_freertos.o
                0x0801768c                defaultTask_attributes
 .rodata.AHBPrescTable
                0x080176b0       0x10 ./Core/Src/system_stm32h5xx.o
                0x080176b0                AHBPrescTable
 .rodata.APBPrescTable
                0x080176c0        0x8 ./Core/Src/system_stm32h5xx.o
                0x080176c0                APBPrescTable
 .rodata.UARTPrescTable
                0x080176c8       0x18 ./Drivers/STM32H5xx_HAL_Driver/Src/stm32h5xx_hal_uart.o
                0x080176c8                UARTPrescTable
 .rodata.numerator.1
                0x080176e0        0x8 ./Drivers/STM32H5xx_HAL_Driver/Src/stm32h5xx_hal_uart_ex.o
 .rodata.denominator.0
                0x080176e8        0x8 ./Drivers/STM32H5xx_HAL_Driver/Src/stm32h5xx_hal_uart_ex.o
 .rodata.uxTopUsedPriority
                0x080176f0        0x4 ./Middlewares/Third_Party/FreeRTOS/Source/tasks.o
                0x080176f0                uxTopUsedPriority
 .rodata._ctype_
                0x080176f4      0x101 C:/ST/STM32CubeIDE_1.19.0/STM32CubeIDE/plugins/com.st.stm32cube.ide.mcu.externaltools.gnu-tools-for-stm32.13.3.rel1.win32_1.0.0.202411081344/tools/bin/../lib/gcc/arm-none-eabi/13.3.1/../../../../arm-none-eabi/lib/thumb/v8-m.main+fp/hard\libc_nano.a(libc_a-ctype_.o)
                0x080176f4                _ctype_
 .rodata._svfprintf_r.str1.1
                0x080177f5       0x33 C:/ST/STM32CubeIDE_1.19.0/STM32CubeIDE/plugins/com.st.stm32cube.ide.mcu.externaltools.gnu-tools-for-stm32.13.3.rel1.win32_1.0.0.202411081344/tools/bin/../lib/gcc/arm-none-eabi/13.3.1/../../../../arm-none-eabi/lib/thumb/v8-m.main+fp/hard\libc_nano.a(libc_a-nano-svfprintf.o)
                                 0x11 (size before relaxing)
 .rodata._printf_i.str1.1
                0x08017828       0x22 C:/ST/STM32CubeIDE_1.19.0/STM32CubeIDE/plugins/com.st.stm32cube.ide.mcu.externaltools.gnu-tools-for-stm32.13.3.rel1.win32_1.0.0.202411081344/tools/bin/../lib/gcc/arm-none-eabi/13.3.1/../../../../arm-none-eabi/lib/thumb/v8-m.main+fp/hard\libc_nano.a(libc_a-nano-vfprintf_i.o)
                0x0801784c                        . = ALIGN (0x4)

.ARM.extab      0x08017828        0x0
                0x08017828                        . = ALIGN (0x4)
 *(.ARM.extab* .gnu.linkonce.armextab.*)
                0x08017828                        . = ALIGN (0x4)

.ARM            0x08017828        0x8
                0x08017828                        . = ALIGN (0x4)
                0x08017828                        __exidx_start = .
 *(.ARM.exidx*)
 .ARM.exidx     0x08017828        0x8 C:/ST/STM32CubeIDE_1.19.0/STM32CubeIDE/plugins/com.st.stm32cube.ide.mcu.externaltools.gnu-tools-for-stm32.13.3.rel1.win32_1.0.0.202411081344/tools/bin/../lib/gcc/arm-none-eabi/13.3.1/../../../../arm-none-eabi/lib/thumb/v8-m.main+fp/hard\libc_nano.a(libc_a-strcmp.o)
 .ARM.exidx     0x08017830        0x0 C:/ST/STM32CubeIDE_1.19.0/STM32CubeIDE/plugins/com.st.stm32cube.ide.mcu.externaltools.gnu-tools-for-stm32.13.3.rel1.win32_1.0.0.202411081344/tools/bin/../lib/gcc/arm-none-eabi/13.3.1/../../../../arm-none-eabi/lib/thumb/v8-m.main+fp/hard\libc_nano.a(libc_a-strlen.o)
                                  0x8 (size before relaxing)
 .ARM.exidx     0x08017830        0x0 C:/ST/STM32CubeIDE_1.19.0/STM32CubeIDE/plugins/com.st.stm32cube.ide.mcu.externaltools.gnu-tools-for-stm32.13.3.rel1.win32_1.0.0.202411081344/tools/bin/../lib/gcc/arm-none-eabi/13.3.1/thumb/v8-m.main+fp/hard\libgcc.a(_udivmoddi4.o)
                                  0x8 (size before relaxing)
                0x08017830                        __exidx_end = .
                0x08017830                        . = ALIGN (0x4)

.preinit_array  0x08017830        0x0
                0x08017830                        . = ALIGN (0x4)
                0x08017830                        PROVIDE (__preinit_array_start = .)
 *(.preinit_array*)
                0x08017830                        PROVIDE (__preinit_array_end = .)
                0x08017830                        . = ALIGN (0x4)

.init_array     0x08017830        0x4
                0x08017830                        . = ALIGN (0x4)
                0x08017830                        PROVIDE (__init_array_start = .)
 *(SORT_BY_NAME(.init_array.*))
 *(.init_array*)
 .init_array    0x08017830        0x4 C:/ST/STM32CubeIDE_1.19.0/STM32CubeIDE/plugins/com.st.stm32cube.ide.mcu.externaltools.gnu-tools-for-stm32.13.3.rel1.win32_1.0.0.202411081344/tools/bin/../lib/gcc/arm-none-eabi/13.3.1/thumb/v8-m.main+fp/hard/crtbegin.o
                0x08017834                        PROVIDE (__init_array_end = .)
                0x08017834                        . = ALIGN (0x4)

.fini_array     0x08017834        0x4
                0x08017834                        . = ALIGN (0x4)
                [!provide]                        PROVIDE (__fini_array_start = .)
 *(SORT_BY_NAME(.fini_array.*))
 *(.fini_array*)
 .fini_array    0x08017834        0x4 C:/ST/STM32CubeIDE_1.19.0/STM32CubeIDE/plugins/com.st.stm32cube.ide.mcu.externaltools.gnu-tools-for-stm32.13.3.rel1.win32_1.0.0.202411081344/tools/bin/../lib/gcc/arm-none-eabi/13.3.1/thumb/v8-m.main+fp/hard/crtbegin.o
                [!provide]                        PROVIDE (__fini_array_end = .)
                0x08017838                        . = ALIGN (0x4)
                0x08017838                        _sidata = LOADADDR (.data)

.rel.dyn        0x08017838        0x0
 .rel.iplt      0x08017838        0x0 C:/ST/STM32CubeIDE_1.19.0/STM32CubeIDE/plugins/com.st.stm32cube.ide.mcu.externaltools.gnu-tools-for-stm32.13.3.rel1.win32_1.0.0.202411081344/tools/bin/../lib/gcc/arm-none-eabi/13.3.1/thumb/v8-m.main+fp/hard/crtbegin.o

.data           0x20000000       0xb8 load address 0x08017838
                0x20000000                        . = ALIGN (0x4)
                0x20000000                        _sdata = .
 *(.data)
 *(.data*)
 .data.g_needle_depth_mm
                0x20000000        0x4 ./Core/Src/my_tasks.o
                0x20000000                g_needle_depth_mm
 .data.s_l1_dir
                0x20000004        0x1 ./Core/Src/my_tasks.o
 *fill*         0x20000005        0x3 
 .data.s_pid_move.25
                0x20000008       0x20 ./Core/Src/my_tasks.o
 .data.s_pid_hold.24
                0x20000028       0x20 ./Core/Src/my_tasks.o
 .data.s_prev_state.21
                0x20000048        0x4 ./Core/Src/my_tasks.o
 .data.SystemCoreClock
                0x2000004c        0x4 ./Core/Src/system_stm32h5xx.o
                0x2000004c                SystemCoreClock
 .data.s_vca_pending_target_adc
                0x20000050        0x2 ./Core/Src/uart_cmd.o
 .data.s_vca_v_low
                0x20000052        0x2 ./Core/Src/uart_cmd.o
 .data.s_vca_v_high
                0x20000054        0x2 ./Core/Src/uart_cmd.o
 *fill*         0x20000056        0x2 
 .data.s_vca_v_half_period_ms
                0x20000058        0x4 ./Core/Src/uart_cmd.o
 .data.uwTickPrio
                0x2000005c        0x4 ./Drivers/STM32H5xx_HAL_Driver/Src/stm32h5xx_hal.o
                0x2000005c                uwTickPrio
 .data.uwTickFreq
                0x20000060        0x1 ./Drivers/STM32H5xx_HAL_Driver/Src/stm32h5xx_hal.o
                0x20000060                uwTickFreq
 *fill*         0x20000061        0x3 
 .data.ulCriticalNesting
                0x20000064        0x4 ./Middlewares/Third_Party/FreeRTOS/Source/portable/GCC/ARM_CM33_NTZ/non_secure/port.o
 .data._impure_ptr
                0x20000068        0x4 C:/ST/STM32CubeIDE_1.19.0/STM32CubeIDE/plugins/com.st.stm32cube.ide.mcu.externaltools.gnu-tools-for-stm32.13.3.rel1.win32_1.0.0.202411081344/tools/bin/../lib/gcc/arm-none-eabi/13.3.1/../../../../arm-none-eabi/lib/thumb/v8-m.main+fp/hard\libc_nano.a(libc_a-impure.o)
                0x20000068                _impure_ptr
 .data._impure_data
                0x2000006c       0x4c C:/ST/STM32CubeIDE_1.19.0/STM32CubeIDE/plugins/com.st.stm32cube.ide.mcu.externaltools.gnu-tools-for-stm32.13.3.rel1.win32_1.0.0.202411081344/tools/bin/../lib/gcc/arm-none-eabi/13.3.1/../../../../arm-none-eabi/lib/thumb/v8-m.main+fp/hard\libc_nano.a(libc_a-impure.o)
                0x2000006c                _impure_data
 *(.RamFunc)
 *(.RamFunc*)
                0x200000b8                        . = ALIGN (0x4)
                0x200000b8                        _edata = .

.igot.plt       0x200000b8        0x0 load address 0x080178f0
 .igot.plt      0x200000b8        0x0 C:/ST/STM32CubeIDE_1.19.0/STM32CubeIDE/plugins/com.st.stm32cube.ide.mcu.externaltools.gnu-tools-for-stm32.13.3.rel1.win32_1.0.0.202411081344/tools/bin/../lib/gcc/arm-none-eabi/13.3.1/thumb/v8-m.main+fp/hard/crtbegin.o
                0x200000b8                        . = ALIGN (0x4)

.bss            0x200000b8     0x5190 load address 0x080178f0
                0x200000b8                        _sbss = .
                0x200000b8                        __bss_start__ = _sbss
 *(.bss)
 .bss           0x200000b8       0x1c C:/ST/STM32CubeIDE_1.19.0/STM32CubeIDE/plugins/com.st.stm32cube.ide.mcu.externaltools.gnu-tools-for-stm32.13.3.rel1.win32_1.0.0.202411081344/tools/bin/../lib/gcc/arm-none-eabi/13.3.1/thumb/v8-m.main+fp/hard/crtbegin.o
 *(.bss*)
 .bss.hadc1     0x200000d4       0x68 ./Core/Src/adc.o
                0x200000d4                hadc1
 .bss.hadc2     0x2000013c       0x68 ./Core/Src/adc.o
                0x2000013c                hadc2
 .bss.HAL_RCC_ADC_CLK_ENABLED
                0x200001a4        0x4 ./Core/Src/adc.o
 .bss.g_ads8325
                0x200001a8        0xc ./Core/Src/ads8325.o
                0x200001a8                g_ads8325
 .bss.ads8325AcqTaskHandle
                0x200001b4        0x4 ./Core/Src/app_freertos.o
                0x200001b4                ads8325AcqTaskHandle
 .bss.defaultTaskHandle
                0x200001b8        0x4 ./Core/Src/app_freertos.o
                0x200001b8                defaultTaskHandle
 .bss.hdac1     0x200001bc       0x14 ./Core/Src/dac.o
                0x200001bc                hdac1
 .bss.hi2c1     0x200001d0       0x54 ./Core/Src/i2c.o
                0x200001d0                hi2c1
 .bss.hi2c2     0x20000224       0x54 ./Core/Src/i2c.o
                0x20000224                hi2c2
 .bss.g_i_target_mA