../Core/Src/tle9201.c:19:20:CSN_L	8	static
../Core/Src/tle9201.c:20:20:CSN_H	8	static
../Core/Src/tle9201.c:25:13:TLE9201_SetPWM_Frequency	24	static
../Core/Src/tle9201.c:48:13:Xfer24	24	static
../Core/Src/tle9201.c:55:17:ReadWithPipeline	32	static
../Core/Src/tle9201.c:74:10:TLE92xx_ReadREV	16	static
../Core/Src/tle9201.c:79:10:TLE92xx_ReadDIAG	16	static
../Core/Src/tle9201.c:85:6:TLE9201_Enable	16	static
../Core/Src/tle9201.c:97:6:TLE9201_SetDir	16	static
../Core/Src/tle9201.c:101:6:TLE9201_SetPWM_duty	24	static
../Core/Src/tle9201.c:110:13:TLE9201_SetSPIMode	16	static
../Core/Src/tle9201.c:118:10:TLE9201_SPI_TxRx	32	static
../Core/Src/tle9201.c:128:10:TLE9201_ReadRev	8	static
../Core/Src/tle9201.c:134:10:TLE9201_ReadDiag	8	static
../Core/Src/tle9201.c:140:6:TLE9201_ClearErrors	8	static
../Core/Src/tle9201.c:146:6:TLE9201_Init	24	static
